"Running Make include in hier_1_microblaze_0/libsrc/bram_v4_2/src"
make -C hier_1_microblaze_0/libsrc/bram_v4_2/src -s include  "SHELL=CMD" "COMPILER=mb-gcc" "ARCHIVER=mb-ar" "COMPILER_FLAGS= -O2 -c -mcpu=v10.0 -mlittle-endian -mxl-soft-mul" "EXTRA_COMPILER_FLAGS=-ffunction-sections -fdata-sections -Wall -Wextra"
"Running Make include in hier_1_microblaze_0/libsrc/cpu_v2_6/src"
make -C hier_1_microblaze_0/libsrc/cpu_v2_6/src -s include  "SHELL=CMD" "COMPILER=mb-gcc" "ARCHIVER=mb-ar" "COMPILER_FLAGS= -O2 -c -mcpu=v10.0 -mlittle-endian -mxl-soft-mul" "EXTRA_COMPILER_FLAGS=-ffunction-sections -fdata-sections -Wall -Wextra"
"Running Make include in hier_1_microblaze_0/libsrc/gpio_v4_3/src"
make -C hier_1_microblaze_0/libsrc/gpio_v4_3/src -s include  "SHELL=CMD" "COMPILER=mb-gcc" "ARCHIVER=mb-ar" "COMPILER_FLAGS= -O2 -c -mcpu=v10.0 -mlittle-endian -mxl-soft-mul" "EXTRA_COMPILER_FLAGS=-ffunction-sections -fdata-sections -Wall -Wextra"
"Running Make include in hier_1_microblaze_0/libsrc/intc_v3_7/src"
make -C hier_1_microblaze_0/libsrc/intc_v3_7/src -s include  "SHELL=CMD" "COMPILER=mb-gcc" "ARCHIVER=mb-ar" "COMPILER_FLAGS= -O2 -c -mcpu=v10.0 -mlittle-endian -mxl-soft-mul" "EXTRA_COMPILER_FLAGS=-ffunction-sections -fdata-sections -Wall -Wextra"
"Running Make include in hier_1_microblaze_0/libsrc/standalone_v6_6/src"
make -C hier_1_microblaze_0/libsrc/standalone_v6_6/src -s include  "SHELL=CMD" "COMPILER=mb-gcc" "ARCHIVER=mb-ar" "COMPILER_FLAGS= -O2 -c -mcpu=v10.0 -mlittle-endian -mxl-soft-mul" "EXTRA_COMPILER_FLAGS=-ffunction-sections -fdata-sections -Wall -Wextra"
"Running Make include in hier_1_microblaze_0/libsrc/tmrctr_v4_4/src"
make -C hier_1_microblaze_0/libsrc/tmrctr_v4_4/src -s include  "SHELL=CMD" "COMPILER=mb-gcc" "ARCHIVER=mb-ar" "COMPILER_FLAGS= -O2 -c -mcpu=v10.0 -mlittle-endian -mxl-soft-mul" "EXTRA_COMPILER_FLAGS=-ffunction-sections -fdata-sections -Wall -Wextra"
"Running Make include in hier_1_microblaze_0/libsrc/uartlite_v3_2/src"
make -C hier_1_microblaze_0/libsrc/uartlite_v3_2/src -s include  "SHELL=CMD" "COMPILER=mb-gcc" "ARCHIVER=mb-ar" "COMPILER_FLAGS= -O2 -c -mcpu=v10.0 -mlittle-endian -mxl-soft-mul" "EXTRA_COMPILER_FLAGS=-ffunction-sections -fdata-sections -Wall -Wextra"
"Running Make libs in hier_1_microblaze_0/libsrc/bram_v4_2/src"
make -C hier_1_microblaze_0/libsrc/bram_v4_2/src -s libs  "SHELL=CMD" "COMPILER=mb-gcc" "ARCHIVER=mb-ar" "COMPILER_FLAGS= -O2 -c -mcpu=v10.0 -mlittle-endian -mxl-soft-mul" "EXTRA_COMPILER_FLAGS=-ffunction-sections -fdata-sections -Wall -Wextra"
"Compiling bram"
mb-ar: creating ../../../lib/libxil.a
"Running Make libs in hier_1_microblaze_0/libsrc/cpu_v2_6/src"
make -C hier_1_microblaze_0/libsrc/cpu_v2_6/src -s libs  "SHELL=CMD" "COMPILER=mb-gcc" "ARCHIVER=mb-ar" "COMPILER_FLAGS= -O2 -c -mcpu=v10.0 -mlittle-endian -mxl-soft-mul" "EXTRA_COMPILER_FLAGS=-ffunction-sections -fdata-sections -Wall -Wextra"
"Compiling cpu"
"Running Make libs in hier_1_microblaze_0/libsrc/gpio_v4_3/src"
make -C hier_1_microblaze_0/libsrc/gpio_v4_3/src -s libs  "SHELL=CMD" "COMPILER=mb-gcc" "ARCHIVER=mb-ar" "COMPILER_FLAGS= -O2 -c -mcpu=v10.0 -mlittle-endian -mxl-soft-mul" "EXTRA_COMPILER_FLAGS=-ffunction-sections -fdata-sections -Wall -Wextra"
"Compiling gpio"
"Running Make libs in hier_1_microblaze_0/libsrc/intc_v3_7/src"
make -C hier_1_microblaze_0/libsrc/intc_v3_7/src -s libs  "SHELL=CMD" "COMPILER=mb-gcc" "ARCHIVER=mb-ar" "COMPILER_FLAGS= -O2 -c -mcpu=v10.0 -mlittle-endian -mxl-soft-mul" "EXTRA_COMPILER_FLAGS=-ffunction-sections -fdata-sections -Wall -Wextra"
"Compiling intc"
"Running Make libs in hier_1_microblaze_0/libsrc/standalone_v6_6/src"
make -C hier_1_microblaze_0/libsrc/standalone_v6_6/src -s libs  "SHELL=CMD" "COMPILER=mb-gcc" "ARCHIVER=mb-ar" "COMPILER_FLAGS= -O2 -c -mcpu=v10.0 -mlittle-endian -mxl-soft-mul" "EXTRA_COMPILER_FLAGS=-ffunction-sections -fdata-sections -Wall -Wextra"
"Compiling standalone";
microblaze_sleep.c: In function 'usleep_MB':
microblaze_sleep.c:106:29: warning: unused parameter 'useconds' [-Wunused-parameter]
 int usleep_MB(unsigned long useconds)
                             ^~~~~~~~
microblaze_sleep.c: In function 'sleep_MB':
microblaze_sleep.c:128:32: warning: unused parameter 'seconds' [-Wunused-parameter]
 unsigned sleep_MB(unsigned int seconds)
                                ^~~~~~~
microblaze_sleep.c: In function 'MB_Sleep':
microblaze_sleep.c:153:19: warning: unused parameter 'MilliSeconds' [-Wunused-parameter]
 void MB_Sleep(u32 MilliSeconds)
                   ^~~~~~~~~~~~
"Running Make libs in hier_1_microblaze_0/libsrc/tmrctr_v4_4/src"
make -C hier_1_microblaze_0/libsrc/tmrctr_v4_4/src -s libs  "SHELL=CMD" "COMPILER=mb-gcc" "ARCHIVER=mb-ar" "COMPILER_FLAGS= -O2 -c -mcpu=v10.0 -mlittle-endian -mxl-soft-mul" "EXTRA_COMPILER_FLAGS=-ffunction-sections -fdata-sections -Wall -Wextra"
"Compiling tmrctr"
"Running Make libs in hier_1_microblaze_0/libsrc/uartlite_v3_2/src"
make -C hier_1_microblaze_0/libsrc/uartlite_v3_2/src -s libs  "SHELL=CMD" "COMPILER=mb-gcc" "ARCHIVER=mb-ar" "COMPILER_FLAGS= -O2 -c -mcpu=v10.0 -mlittle-endian -mxl-soft-mul" "EXTRA_COMPILER_FLAGS=-ffunction-sections -fdata-sections -Wall -Wextra"
"Compiling uartlite"
'Finished building libraries'
16:29:10 **** Clean-only build of configuration Debug for project bert_second ****
make clean 
rm -rf  ./src/helloworld.o ./src/platform.o  ./src/helloworld.d ./src/platform.d  bert_second.elf.size  bert_second.elf
' '
16:29:11 **** Clean-only build of project bert_second_bsp ****
make -k clean 
make -C hier_1_microblaze_0/libsrc/bram_v4_2/src -s clean 
make -C hier_1_microblaze_0/libsrc/cpu_v2_6/src -s clean 
make -C hier_1_microblaze_0/libsrc/gpio_v4_3/src -s clean 
make -C hier_1_microblaze_0/libsrc/intc_v3_7/src -s clean 
make -C hier_1_microblaze_0/libsrc/standalone_v6_6/src -s clean 
make -C hier_1_microblaze_0/libsrc/tmrctr_v4_4/src -s clean 
make -C hier_1_microblaze_0/libsrc/uartlite_v3_2/src -s clean 
rm -f hier_1_microblaze_0/lib/libxil.a
16:29:13 **** Build of configuration Debug for project bert ****
make all 
'Building file: ../src/bert.c'
'Invoking: MicroBlaze gcc compiler'
mb-gcc -Wall -O0 -g3 -c -fmessage-length=0 -MT"src/bert.o" -I../../bert_bsp/hier_1_microblaze_0/include -mlittle-endian -mcpu=v10.0 -mxl-soft-mul -Wl,--no-relax -ffunction-sections -fdata-sections -MMD -MP -MF"src/bert.d" -MT"src/bert.o" -o "src/bert.o" "../src/bert.c"
'Finished building: ../src/bert.c'
' '
'Building file: ../src/platform.c'
'Invoking: MicroBlaze gcc compiler'
mb-gcc -Wall -O0 -g3 -c -fmessage-length=0 -MT"src/platform.o" -I../../bert_bsp/hier_1_microblaze_0/include -mlittle-endian -mcpu=v10.0 -mxl-soft-mul -Wl,--no-relax -ffunction-sections -fdata-sections -MMD -MP -MF"src/platform.d" -MT"src/platform.o" -o "src/platform.o" "../src/platform.c"
'Finished building: ../src/platform.c'
' '
'Building target: bert.elf'
'Invoking: MicroBlaze gcc linker'
mb-gcc -Wl,-T -Wl,../src/lscript.ld -L../../bert_bsp/hier_1_microblaze_0/lib -mlittle-endian -mcpu=v10.0 -mxl-soft-mul -Wl,--no-relax -Wl,--gc-sections -o "bert.elf"  ./src/bert.o ./src/platform.o   -Wl,--start-group,-lxil,-lgcc,-lc,--end-group
'Finished building target: bert.elf'
' '
'Invoking: MicroBlaze Print Size'
mb-size bert.elf  |tee "bert.elf.size"
   text	   data	    bss	    dec	    hex	filename
  13272	    356	   3332	  16960	   4240	bert.elf
'Finished building: bert.elf.size'
' '
16:29:18 **** Build of project bert_second_bsp ****
make -k all 
"Running Make include in hier_1_microblaze_0/libsrc/bram_v4_2/src"
make -C hier_1_microblaze_0/libsrc/bram_v4_2/src -s include  "SHELL=CMD" "COMPILER=mb-gcc" "ARCHIVER=mb-ar" "COMPILER_FLAGS= -O2 -c -mcpu=v10.0 -mlittle-endian -mxl-soft-mul" "EXTRA_COMPILER_FLAGS=-ffunction-sections -fdata-sections -Wall -Wextra"
"Running Make include in hier_1_microblaze_0/libsrc/cpu_v2_6/src"
make -C hier_1_microblaze_0/libsrc/cpu_v2_6/src -s include  "SHELL=CMD" "COMPILER=mb-gcc" "ARCHIVER=mb-ar" "COMPILER_FLAGS= -O2 -c -mcpu=v10.0 -mlittle-endian -mxl-soft-mul" "EXTRA_COMPILER_FLAGS=-ffunction-sections -fdata-sections -Wall -Wextra"
"Running Make include in hier_1_microblaze_0/libsrc/gpio_v4_3/src"
make -C hier_1_microblaze_0/libsrc/gpio_v4_3/src -s include  "SHELL=CMD" "COMPILER=mb-gcc" "ARCHIVER=mb-ar" "COMPILER_FLAGS= -O2 -c -mcpu=v10.0 -mlittle-endian -mxl-soft-mul" "EXTRA_COMPILER_FLAGS=-ffunction-sections -fdata-sections -Wall -Wextra"
"Running Make include in hier_1_microblaze_0/libsrc/intc_v3_7/src"
make -C hier_1_microblaze_0/libsrc/intc_v3_7/src -s include  "SHELL=CMD" "COMPILER=mb-gcc" "ARCHIVER=mb-ar" "COMPILER_FLAGS= -O2 -c -mcpu=v10.0 -mlittle-endian -mxl-soft-mul" "EXTRA_COMPILER_FLAGS=-ffunction-sections -fdata-sections -Wall -Wextra"
"Running Make include in hier_1_microblaze_0/libsrc/standalone_v6_6/src"
make -C hier_1_microblaze_0/libsrc/standalone_v6_6/src -s include  "SHELL=CMD" "COMPILER=mb-gcc" "ARCHIVER=mb-ar" "COMPILER_FLAGS= -O2 -c -mcpu=v10.0 -mlittle-endian -mxl-soft-mul" "EXTRA_COMPILER_FLAGS=-ffunction-sections -fdata-sections -Wall -Wextra"
"Running Make include in hier_1_microblaze_0/libsrc/tmrctr_v4_4/src"
make -C hier_1_microblaze_0/libsrc/tmrctr_v4_4/src -s include  "SHELL=CMD" "COMPILER=mb-gcc" "ARCHIVER=mb-ar" "COMPILER_FLAGS= -O2 -c -mcpu=v10.0 -mlittle-endian -mxl-soft-mul" "EXTRA_COMPILER_FLAGS=-ffunction-sections -fdata-sections -Wall -Wextra"
"Running Make include in hier_1_microblaze_0/libsrc/uartlite_v3_2/src"
make -C hier_1_microblaze_0/libsrc/uartlite_v3_2/src -s include  "SHELL=CMD" "COMPILER=mb-gcc" "ARCHIVER=mb-ar" "COMPILER_FLAGS= -O2 -c -mcpu=v10.0 -mlittle-endian -mxl-soft-mul" "EXTRA_COMPILER_FLAGS=-ffunction-sections -fdata-sections -Wall -Wextra"
"Running Make libs in hier_1_microblaze_0/libsrc/bram_v4_2/src"
make -C hier_1_microblaze_0/libsrc/bram_v4_2/src -s libs  "SHELL=CMD" "COMPILER=mb-gcc" "ARCHIVER=mb-ar" "COMPILER_FLAGS= -O2 -c -mcpu=v10.0 -mlittle-endian -mxl-soft-mul" "EXTRA_COMPILER_FLAGS=-ffunction-sections -fdata-sections -Wall -Wextra"
"Compiling bram"
mb-ar: creating ../../../lib/libxil.a
"Running Make libs in hier_1_microblaze_0/libsrc/cpu_v2_6/src"
make -C hier_1_microblaze_0/libsrc/cpu_v2_6/src -s libs  "SHELL=CMD" "COMPILER=mb-gcc" "ARCHIVER=mb-ar" "COMPILER_FLAGS= -O2 -c -mcpu=v10.0 -mlittle-endian -mxl-soft-mul" "EXTRA_COMPILER_FLAGS=-ffunction-sections -fdata-sections -Wall -Wextra"
"Compiling cpu"
"Running Make libs in hier_1_microblaze_0/libsrc/gpio_v4_3/src"
make -C hier_1_microblaze_0/libsrc/gpio_v4_3/src -s libs  "SHELL=CMD" "COMPILER=mb-gcc" "ARCHIVER=mb-ar" "COMPILER_FLAGS= -O2 -c -mcpu=v10.0 -mlittle-endian -mxl-soft-mul" "EXTRA_COMPILER_FLAGS=-ffunction-sections -fdata-sections -Wall -Wextra"
"Compiling gpio"
"Running Make libs in hier_1_microblaze_0/libsrc/intc_v3_7/src"
make -C hier_1_microblaze_0/libsrc/intc_v3_7/src -s libs  "SHELL=CMD" "COMPILER=mb-gcc" "ARCHIVER=mb-ar" "COMPILER_FLAGS= -O2 -c -mcpu=v10.0 -mlittle-endian -mxl-soft-mul" "EXTRA_COMPILER_FLAGS=-ffunction-sections -fdata-sections -Wall -Wextra"
"Compiling intc"
"Running Make libs in hier_1_microblaze_0/libsrc/standalone_v6_6/src"
make -C hier_1_microblaze_0/libsrc/standalone_v6_6/src -s libs  "SHELL=CMD" "COMPILER=mb-gcc" "ARCHIVER=mb-ar" "COMPILER_FLAGS= -O2 -c -mcpu=v10.0 -mlittle-endian -mxl-soft-mul" "EXTRA_COMPILER_FLAGS=-ffunction-sections -fdata-sections -Wall -Wextra"
"Compiling standalone";
microblaze_sleep.c: In function 'usleep_MB':
microblaze_sleep.c:106:29: warning: unused parameter 'useconds' [-Wunused-parameter]
 int usleep_MB(unsigned long useconds)
                             ^~~~~~~~
microblaze_sleep.c: In function 'sleep_MB':
microblaze_sleep.c:128:32: warning: unused parameter 'seconds' [-Wunused-parameter]
 unsigned sleep_MB(unsigned int seconds)
                                ^~~~~~~
microblaze_sleep.c: In function 'MB_Sleep':
microblaze_sleep.c:153:19: warning: unused parameter 'MilliSeconds' [-Wunused-parameter]
 void MB_Sleep(u32 MilliSeconds)
                   ^~~~~~~~~~~~
"Running Make libs in hier_1_microblaze_0/libsrc/tmrctr_v4_4/src"
make -C hier_1_microblaze_0/libsrc/tmrctr_v4_4/src -s libs  "SHELL=CMD" "COMPILER=mb-gcc" "ARCHIVER=mb-ar" "COMPILER_FLAGS= -O2 -c -mcpu=v10.0 -mlittle-endian -mxl-soft-mul" "EXTRA_COMPILER_FLAGS=-ffunction-sections -fdata-sections -Wall -Wextra"
"Compiling tmrctr"
"Running Make libs in hier_1_microblaze_0/libsrc/uartlite_v3_2/src"
make -C hier_1_microblaze_0/libsrc/uartlite_v3_2/src -s libs  "SHELL=CMD" "COMPILER=mb-gcc" "ARCHIVER=mb-ar" "COMPILER_FLAGS= -O2 -c -mcpu=v10.0 -mlittle-endian -mxl-soft-mul" "EXTRA_COMPILER_FLAGS=-ffunction-sections -fdata-sections -Wall -Wextra"
"Compiling uartlite"
'Finished building libraries'
16:29:47 **** Build of configuration Debug for project bert_second ****
make all 
'Building file: ../src/helloworld.c'
'Invoking: MicroBlaze gcc compiler'
mb-gcc -Wall -O0 -g3 -c -fmessage-length=0 -MT"src/helloworld.o" -I../../bert_second_bsp/hier_1_microblaze_0/include -mlittle-endian -mcpu=v10.0 -mxl-soft-mul -Wl,--no-relax -ffunction-sections -fdata-sections -MMD -MP -MF"src/helloworld.d" -MT"src/helloworld.o" -o "src/helloworld.o" "../src/helloworld.c"
'Finished building: ../src/helloworld.c'
' '
'Building file: ../src/platform.c'
'Invoking: MicroBlaze gcc compiler'
mb-gcc -Wall -O0 -g3 -c -fmessage-length=0 -MT"src/platform.o" -I../../bert_second_bsp/hier_1_microblaze_0/include -mlittle-endian -mcpu=v10.0 -mxl-soft-mul -Wl,--no-relax -ffunction-sections -fdata-sections -MMD -MP -MF"src/platform.d" -MT"src/platform.o" -o "src/platform.o" "../src/platform.c"
'Finished building: ../src/platform.c'
' '
'Building target: bert_second.elf'
'Invoking: MicroBlaze gcc linker'
mb-gcc -Wl,-T -Wl,../src/lscript.ld -L../../bert_second_bsp/hier_1_microblaze_0/lib -mlittle-endian -mcpu=v10.0 -mxl-soft-mul -Wl,--no-relax -Wl,--gc-sections -o "bert_second.elf"  ./src/helloworld.o ./src/platform.o   -Wl,--start-group,-lxil,-lgcc,-lc,--end-group
'Finished building target: bert_second.elf'
' '
'Invoking: MicroBlaze Print Size'
mb-size bert_second.elf  |tee "bert_second.elf.size"
   text	   data	    bss	    dec	    hex	filename
   3112	    316	   3108	   6536	   1988	bert_second.elf
'Finished building: bert_second.elf.size'
' '
16:30:21 **** Incremental Build of configuration Debug for project bert ****
make all 
make: Nothing to be done for `all'.
16:31:09 **** Auto Build of configuration Debug for project bert ****
make all 
'Building file: ../src/bert.c'
'Invoking: MicroBlaze gcc compiler'
mb-gcc -Wall -O0 -g3 -c -fmessage-length=0 -MT"src/bert.o" -I../../bert_bsp/hier_1_microblaze_0/include -mlittle-endian -mcpu=v10.0 -mxl-soft-mul -Wl,--no-relax -ffunction-sections -fdata-sections -MMD -MP -MF"src/bert.d" -MT"src/bert.o" -o "src/bert.o" "../src/bert.c"
'Finished building: ../src/bert.c'
' '
'Building target: bert.elf'
'Invoking: MicroBlaze gcc linker'
mb-gcc -Wl,-T -Wl,../src/lscript.ld -L../../bert_bsp/hier_1_microblaze_0/lib -mlittle-endian -mcpu=v10.0 -mxl-soft-mul -Wl,--no-relax -Wl,--gc-sections -o "bert.elf"  ./src/bert.o ./src/platform.o   -Wl,--start-group,-lxil,-lgcc,-lc,--end-group
'Finished building target: bert.elf'
' '
'Invoking: MicroBlaze Print Size'
mb-size bert.elf  |tee "bert.elf.size"
   text	   data	    bss	    dec	    hex	filename
  13276	    356	   3336	  16968	   4248	bert.elf
'Finished building: bert.elf.size'
' '
16:31:13 **** Incremental Build of configuration Debug for project bert ****
make all 
make: Nothing to be done for `all'.
16:33:42 **** Incremental Build of configuration Debug for project bert ****
make all 
make: Nothing to be done for `all'.
16:33:48 **** Auto Build of configuration Debug for project bert ****
make all 
'Building file: ../src/bert.c'
'Invoking: MicroBlaze gcc compiler'
mb-gcc -Wall -O0 -g3 -c -fmessage-length=0 -MT"src/bert.o" -I../../bert_bsp/hier_1_microblaze_0/include -mlittle-endian -mcpu=v10.0 -mxl-soft-mul -Wl,--no-relax -ffunction-sections -fdata-sections -MMD -MP -MF"src/bert.d" -MT"src/bert.o" -o "src/bert.o" "../src/bert.c"
'Finished building: ../src/bert.c'
' '
'Building target: bert.elf'
'Invoking: MicroBlaze gcc linker'
mb-gcc -Wl,-T -Wl,../src/lscript.ld -L../../bert_bsp/hier_1_microblaze_0/lib -mlittle-endian -mcpu=v10.0 -mxl-soft-mul -Wl,--no-relax -Wl,--gc-sections -o "bert.elf"  ./src/bert.o ./src/platform.o   -Wl,--start-group,-lxil,-lgcc,-lc,--end-group
'Finished building target: bert.elf'
' '
'Invoking: MicroBlaze Print Size'
mb-size bert.elf  |tee "bert.elf.size"
   text	   data	    bss	    dec	    hex	filename
  13272	    356	   3332	  16960	   4240	bert.elf
'Finished building: bert.elf.size'
' '
16:33:52 **** Auto Build of configuration Debug for project bert ****
make all 
'Building file: ../src/bert.c'
'Invoking: MicroBlaze gcc compiler'
mb-gcc -Wall -O0 -g3 -c -fmessage-length=0 -MT"src/bert.o" -I../../bert_bsp/hier_1_microblaze_0/include -mlittle-endian -mcpu=v10.0 -mxl-soft-mul -Wl,--no-relax -ffunction-sections -fdata-sections -MMD -MP -MF"src/bert.d" -MT"src/bert.o" -o "src/bert.o" "../src/bert.c"
'Finished building: ../src/bert.c'
' '
'Building target: bert.elf'
'Invoking: MicroBlaze gcc linker'
mb-gcc -Wl,-T -Wl,../src/lscript.ld -L../../bert_bsp/hier_1_microblaze_0/lib -mlittle-endian -mcpu=v10.0 -mxl-soft-mul -Wl,--no-relax -Wl,--gc-sections -o "bert.elf"  ./src/bert.o ./src/platform.o   -Wl,--start-group,-lxil,-lgcc,-lc,--end-group
'Finished building target: bert.elf'
' '
'Invoking: MicroBlaze Print Size'
mb-size bert.elf  |tee "bert.elf.size"
   text	   data	    bss	    dec	    hex	filename
  13328	    356	   3332	  17016	   4278	bert.elf
'Finished building: bert.elf.size'
' '
16:33:56 **** Incremental Build of configuration Debug for project bert ****
make all 
make: Nothing to be done for `all'.
16:35:01 **** Incremental Build of configuration Debug for project bert ****
make all 
make: Nothing to be done for `all'.
16:35:28 **** Incremental Build of configuration Debug for project bert ****
make all 
make: Nothing to be done for `all'.
16:35:37 **** Incremental Build of configuration Debug for project bert ****
make all 
make: Nothing to be done for `all'.
16:36:18 **** Auto Build of configuration Debug for project bert ****
make all 
'Building file: ../src/bert.c'
'Invoking: MicroBlaze gcc compiler'
mb-gcc -Wall -O0 -g3 -c -fmessage-length=0 -MT"src/bert.o" -I../../bert_bsp/hier_1_microblaze_0/include -mlittle-endian -mcpu=v10.0 -mxl-soft-mul -Wl,--no-relax -ffunction-sections -fdata-sections -MMD -MP -MF"src/bert.d" -MT"src/bert.o" -o "src/bert.o" "../src/bert.c"
../src/bert.c: In function 'main':
../src/bert.c:70:5: error: expected ';' before 'XGpio_DiscreteWrite'
     XGpio_DiscreteWrite(&Gpio, 2, 0x00);
     ^~~~~~~~~~~~~~~~~~~
make: *** [src/bert.o] Error 1
16:36:22 **** Auto Build of configuration Debug for project bert ****
make all 
'Building file: ../src/bert.c'
'Invoking: MicroBlaze gcc compiler'
mb-gcc -Wall -O0 -g3 -c -fmessage-length=0 -MT"src/bert.o" -I../../bert_bsp/hier_1_microblaze_0/include -mlittle-endian -mcpu=v10.0 -mxl-soft-mul -Wl,--no-relax -ffunction-sections -fdata-sections -MMD -MP -MF"src/bert.d" -MT"src/bert.o" -o "src/bert.o" "../src/bert.c"
'Finished building: ../src/bert.c'
' '
'Building target: bert.elf'
'Invoking: MicroBlaze gcc linker'
mb-gcc -Wl,-T -Wl,../src/lscript.ld -L../../bert_bsp/hier_1_microblaze_0/lib -mlittle-endian -mcpu=v10.0 -mxl-soft-mul -Wl,--no-relax -Wl,--gc-sections -o "bert.elf"  ./src/bert.o ./src/platform.o   -Wl,--start-group,-lxil,-lgcc,-lc,--end-group
'Finished building target: bert.elf'
' '
'Invoking: MicroBlaze Print Size'
mb-size bert.elf  |tee "bert.elf.size"
   text	   data	    bss	    dec	    hex	filename
  14596	    356	   3336	  18288	   4770	bert.elf
'Finished building: bert.elf.size'
' '
16:36:33 **** Incremental Build of configuration Debug for project bert ****
make all 
make: Nothing to be done for `all'.
16:36:42 **** Incremental Build of configuration Debug for project bert ****
make all 
make: Nothing to be done for `all'.
16:42:20 **** Incremental Build of configuration Debug for project bert ****
make all 
make: Nothing to be done for `all'.
16:42:51 **** Auto Build of configuration Debug for project bert ****
make all 
'Building file: ../src/bert.c'
'Invoking: MicroBlaze gcc compiler'
mb-gcc -Wall -O0 -g3 -c -fmessage-length=0 -MT"src/bert.o" -I../../bert_bsp/hier_1_microblaze_0/include -mlittle-endian -mcpu=v10.0 -mxl-soft-mul -Wl,--no-relax -ffunction-sections -fdata-sections -MMD -MP -MF"src/bert.d" -MT"src/bert.o" -o "src/bert.o" "../src/bert.c"
'Finished building: ../src/bert.c'
' '
'Building target: bert.elf'
'Invoking: MicroBlaze gcc linker'
mb-gcc -Wl,-T -Wl,../src/lscript.ld -L../../bert_bsp/hier_1_microblaze_0/lib -mlittle-endian -mcpu=v10.0 -mxl-soft-mul -Wl,--no-relax -Wl,--gc-sections -o "bert.elf"  ./src/bert.o ./src/platform.o   -Wl,--start-group,-lxil,-lgcc,-lc,--end-group
'Finished building target: bert.elf'
' '
'Invoking: MicroBlaze Print Size'
mb-size bert.elf  |tee "bert.elf.size"
   text	   data	    bss	    dec	    hex	filename
  14544	    356	   3332	  18232	   4738	bert.elf
'Finished building: bert.elf.size'
' '
16:43:09 **** Incremental Build of configuration Debug for project bert ****
make all 
make: Nothing to be done for `all'.
16:45:16 **** Auto Build of configuration Debug for project bert ****
make all 
'Building file: ../src/bert.c'
'Invoking: MicroBlaze gcc compiler'
mb-gcc -Wall -O0 -g3 -c -fmessage-length=0 -MT"src/bert.o" -I../../bert_bsp/hier_1_microblaze_0/include -mlittle-endian -mcpu=v10.0 -mxl-soft-mul -Wl,--no-relax -ffunction-sections -fdata-sections -MMD -MP -MF"src/bert.d" -MT"src/bert.o" -o "src/bert.o" "../src/bert.c"
'Finished building: ../src/bert.c'
' '
'Building target: bert.elf'
'Invoking: MicroBlaze gcc linker'
mb-gcc -Wl,-T -Wl,../src/lscript.ld -L../../bert_bsp/hier_1_microblaze_0/lib -mlittle-endian -mcpu=v10.0 -mxl-soft-mul -Wl,--no-relax -Wl,--gc-sections -o "bert.elf"  ./src/bert.o ./src/platform.o   -Wl,--start-group,-lxil,-lgcc,-lc,--end-group
'Finished building target: bert.elf'
' '
'Invoking: MicroBlaze Print Size'
mb-size bert.elf  |tee "bert.elf.size"
   text	   data	    bss	    dec	    hex	filename
  13276	    356	   3336	  16968	   4248	bert.elf
'Finished building: bert.elf.size'
' '
16:45:21 **** Incremental Build of configuration Debug for project bert ****
make all 
make: Nothing to be done for `all'.
16:51:26 **** Incremental Build of configuration Debug for project bert ****
make all 
make: Nothing to be done for `all'.
16:54:23 **** Auto Build of configuration Debug for project bert ****
make all 
'Building file: ../src/bert.c'
'Invoking: MicroBlaze gcc compiler'
mb-gcc -Wall -O0 -g3 -c -fmessage-length=0 -MT"src/bert.o" -I../../bert_bsp/hier_1_microblaze_0/include -mlittle-endian -mcpu=v10.0 -mxl-soft-mul -Wl,--no-relax -ffunction-sections -fdata-sections -MMD -MP -MF"src/bert.d" -MT"src/bert.o" -o "src/bert.o" "../src/bert.c"
'Finished building: ../src/bert.c'
' '
'Building target: bert.elf'
'Invoking: MicroBlaze gcc linker'
mb-gcc -Wl,-T -Wl,../src/lscript.ld -L../../bert_bsp/hier_1_microblaze_0/lib -mlittle-endian -mcpu=v10.0 -mxl-soft-mul -Wl,--no-relax -Wl,--gc-sections -o "bert.elf"  ./src/bert.o ./src/platform.o   -Wl,--start-group,-lxil,-lgcc,-lc,--end-group
'Finished building target: bert.elf'
' '
'Invoking: MicroBlaze Print Size'
mb-size bert.elf  |tee "bert.elf.size"
   text	   data	    bss	    dec	    hex	filename
  13272	    356	   3332	  16960	   4240	bert.elf
'Finished building: bert.elf.size'
' '
16:54:53 **** Incremental Build of configuration Debug for project bert ****
make all 
'Building file: ../src/bert.c'
'Invoking: MicroBlaze gcc compiler'
mb-gcc -Wall -O0 -g3 -c -fmessage-length=0 -MT"src/bert.o" -I../../bert_bsp/hier_1_microblaze_0/include -mlittle-endian -mcpu=v10.0 -mxl-soft-mul -Wl,--no-relax -ffunction-sections -fdata-sections -MMD -MP -MF"src/bert.d" -MT"src/bert.o" -o "src/bert.o" "../src/bert.c"
'Finished building: ../src/bert.c'
' '
'Building target: bert.elf'
'Invoking: MicroBlaze gcc linker'
mb-gcc -Wl,-T -Wl,../src/lscript.ld -L../../bert_bsp/hier_1_microblaze_0/lib -mlittle-endian -mcpu=v10.0 -mxl-soft-mul -Wl,--no-relax -Wl,--gc-sections -o "bert.elf"  ./src/bert.o ./src/platform.o   -Wl,--start-group,-lxil,-lgcc,-lc,--end-group
'Finished building target: bert.elf'
' '
'Invoking: MicroBlaze Print Size'
mb-size bert.elf  |tee "bert.elf.size"
   text	   data	    bss	    dec	    hex	filename
  13328	    356	   3332	  17016	   4278	bert.elf
'Finished building: bert.elf.size'
' '
16:54:59 **** Incremental Build of configuration Debug for project bert ****
make all 
make: Nothing to be done for `all'.
16:58:37 **** Auto Build of configuration Debug for project bert ****
make all 
'Building file: ../src/bert.c'
'Invoking: MicroBlaze gcc compiler'
mb-gcc -Wall -O0 -g3 -c -fmessage-length=0 -MT"src/bert.o" -I../../bert_bsp/hier_1_microblaze_0/include -mlittle-endian -mcpu=v10.0 -mxl-soft-mul -Wl,--no-relax -ffunction-sections -fdata-sections -MMD -MP -MF"src/bert.d" -MT"src/bert.o" -o "src/bert.o" "../src/bert.c"
'Finished building: ../src/bert.c'
' '
'Building target: bert.elf'
'Invoking: MicroBlaze gcc linker'
mb-gcc -Wl,-T -Wl,../src/lscript.ld -L../../bert_bsp/hier_1_microblaze_0/lib -mlittle-endian -mcpu=v10.0 -mxl-soft-mul -Wl,--no-relax -Wl,--gc-sections -o "bert.elf"  ./src/bert.o ./src/platform.o   -Wl,--start-group,-lxil,-lgcc,-lc,--end-group
'Finished building target: bert.elf'
' '
'Invoking: MicroBlaze Print Size'
mb-size bert.elf  |tee "bert.elf.size"
   text	   data	    bss	    dec	    hex	filename
  13328	    356	   3332	  17016	   4278	bert.elf
'Finished building: bert.elf.size'
' '
16:58:41 **** Incremental Build of configuration Debug for project bert ****
make all 
make: Nothing to be done for `all'.
16:58:50 **** Incremental Build of configuration Debug for project bert ****
make all 
make: Nothing to be done for `all'.
16:58:58 **** Incremental Build of configuration Debug for project bert ****
make all 
make: Nothing to be done for `all'.
16:59:07 **** Auto Build of configuration Debug for project bert ****
make all 
'Building file: ../src/bert.c'
'Invoking: MicroBlaze gcc compiler'
mb-gcc -Wall -O0 -g3 -c -fmessage-length=0 -MT"src/bert.o" -I../../bert_bsp/hier_1_microblaze_0/include -mlittle-endian -mcpu=v10.0 -mxl-soft-mul -Wl,--no-relax -ffunction-sections -fdata-sections -MMD -MP -MF"src/bert.d" -MT"src/bert.o" -o "src/bert.o" "../src/bert.c"
'Finished building: ../src/bert.c'
' '
'Building target: bert.elf'
'Invoking: MicroBlaze gcc linker'
mb-gcc -Wl,-T -Wl,../src/lscript.ld -L../../bert_bsp/hier_1_microblaze_0/lib -mlittle-endian -mcpu=v10.0 -mxl-soft-mul -Wl,--no-relax -Wl,--gc-sections -o "bert.elf"  ./src/bert.o ./src/platform.o   -Wl,--start-group,-lxil,-lgcc,-lc,--end-group
'Finished building target: bert.elf'
' '
'Invoking: MicroBlaze Print Size'
mb-size bert.elf  |tee "bert.elf.size"
   text	   data	    bss	    dec	    hex	filename
  13272	    356	   3332	  16960	   4240	bert.elf
'Finished building: bert.elf.size'
' '
16:59:12 **** Incremental Build of configuration Debug for project bert ****
make all 
make: Nothing to be done for `all'.
17:29:43 **** Incremental Build of configuration Debug for project bert ****
make all 
make: Nothing to be done for `all'.
17:30:00 **** Auto Build of configuration Debug for project bert ****
make all 
'Building file: ../src/bert.c'
'Invoking: MicroBlaze gcc compiler'
mb-gcc -Wall -O0 -g3 -c -fmessage-length=0 -MT"src/bert.o" -I../../bert_bsp/hier_1_microblaze_0/include -mlittle-endian -mcpu=v10.0 -mxl-soft-mul -Wl,--no-relax -ffunction-sections -fdata-sections -MMD -MP -MF"src/bert.d" -MT"src/bert.o" -o "src/bert.o" "../src/bert.c"
'Finished building: ../src/bert.c'
' '
'Building target: bert.elf'
'Invoking: MicroBlaze gcc linker'
mb-gcc -Wl,-T -Wl,../src/lscript.ld -L../../bert_bsp/hier_1_microblaze_0/lib -mlittle-endian -mcpu=v10.0 -mxl-soft-mul -Wl,--no-relax -Wl,--gc-sections -o "bert.elf"  ./src/bert.o ./src/platform.o   -Wl,--start-group,-lxil,-lgcc,-lc,--end-group
'Finished building target: bert.elf'
' '
'Invoking: MicroBlaze Print Size'
mb-size bert.elf  |tee "bert.elf.size"
   text	   data	    bss	    dec	    hex	filename
  13328	    356	   3332	  17016	   4278	bert.elf
'Finished building: bert.elf.size'
' '
17:30:04 **** Incremental Build of configuration Debug for project bert ****
make all 
make: Nothing to be done for `all'.
17:30:31 **** Incremental Build of configuration Debug for project bert ****
make all 
make: Nothing to be done for `all'.
17:30:42 **** Incremental Build of configuration Debug for project bert ****
make all 
make: Nothing to be done for `all'.
17:30:54 **** Incremental Build of configuration Debug for project bert ****
make all 
make: Nothing to be done for `all'.
17:31:45 **** Auto Build of configuration Debug for project bert ****
make all 
'Building file: ../src/bert.c'
'Invoking: MicroBlaze gcc compiler'
mb-gcc -Wall -O0 -g3 -c -fmessage-length=0 -MT"src/bert.o" -I../../bert_bsp/hier_1_microblaze_0/include -mlittle-endian -mcpu=v10.0 -mxl-soft-mul -Wl,--no-relax -ffunction-sections -fdata-sections -MMD -MP -MF"src/bert.d" -MT"src/bert.o" -o "src/bert.o" "../src/bert.c"
'Finished building: ../src/bert.c'
' '
'Building target: bert.elf'
'Invoking: MicroBlaze gcc linker'
mb-gcc -Wl,-T -Wl,../src/lscript.ld -L../../bert_bsp/hier_1_microblaze_0/lib -mlittle-endian -mcpu=v10.0 -mxl-soft-mul -Wl,--no-relax -Wl,--gc-sections -o "bert.elf"  ./src/bert.o ./src/platform.o   -Wl,--start-group,-lxil,-lgcc,-lc,--end-group
'Finished building target: bert.elf'
' '
'Invoking: MicroBlaze Print Size'
mb-size bert.elf  |tee "bert.elf.size"
   text	   data	    bss	    dec	    hex	filename
  13336	    356	   3332	  17024	   4280	bert.elf
'Finished building: bert.elf.size'
' '
17:31:49 **** Incremental Build of configuration Debug for project bert ****
make all 
make: Nothing to be done for `all'.
17:31:59 **** Incremental Build of configuration Debug for project bert ****
make all 
make: Nothing to be done for `all'.
17:32:13 **** Incremental Build of configuration Debug for project bert ****
make all 
make: Nothing to be done for `all'.
17:32:20 **** Incremental Build of configuration Debug for project bert ****
make all 
make: Nothing to be done for `all'.
17:32:28 **** Incremental Build of configuration Debug for project bert ****
make all 
make: Nothing to be done for `all'.
17:32:59 **** Incremental Build of configuration Debug for project bert ****
make all 
make: Nothing to be done for `all'.
13:50:29 **** Incremental Build of project bert_bsp ****
make -k all 
"Running Make include in hier_1_microblaze_0/libsrc/bram_v4_2/src"
make -C hier_1_microblaze_0/libsrc/bram_v4_2/src -s include  "SHELL=CMD" "COMPILER=mb-gcc" "ARCHIVER=mb-ar" "COMPILER_FLAGS= -O2 -c -mcpu=v10.0 -mlittle-endian -mxl-soft-mul" "EXTRA_COMPILER_FLAGS=-ffunction-sections -fdata-sections -Wall -Wextra"
"Running Make include in hier_1_microblaze_0/libsrc/cpu_v2_6/src"
make -C hier_1_microblaze_0/libsrc/cpu_v2_6/src -s include  "SHELL=CMD" "COMPILER=mb-gcc" "ARCHIVER=mb-ar" "COMPILER_FLAGS= -O2 -c -mcpu=v10.0 -mlittle-endian -mxl-soft-mul" "EXTRA_COMPILER_FLAGS=-ffunction-sections -fdata-sections -Wall -Wextra"
"Running Make include in hier_1_microblaze_0/libsrc/gpio_v4_3/src"
make -C hier_1_microblaze_0/libsrc/gpio_v4_3/src -s include  "SHELL=CMD" "COMPILER=mb-gcc" "ARCHIVER=mb-ar" "COMPILER_FLAGS= -O2 -c -mcpu=v10.0 -mlittle-endian -mxl-soft-mul" "EXTRA_COMPILER_FLAGS=-ffunction-sections -fdata-sections -Wall -Wextra"
"Running Make include in hier_1_microblaze_0/libsrc/intc_v3_7/src"
make -C hier_1_microblaze_0/libsrc/intc_v3_7/src -s include  "SHELL=CMD" "COMPILER=mb-gcc" "ARCHIVER=mb-ar" "COMPILER_FLAGS= -O2 -c -mcpu=v10.0 -mlittle-endian -mxl-soft-mul" "EXTRA_COMPILER_FLAGS=-ffunction-sections -fdata-sections -Wall -Wextra"
"Running Make include in hier_1_microblaze_0/libsrc/standalone_v6_6/src"
make -C hier_1_microblaze_0/libsrc/standalone_v6_6/src -s include  "SHELL=CMD" "COMPILER=mb-gcc" "ARCHIVER=mb-ar" "COMPILER_FLAGS= -O2 -c -mcpu=v10.0 -mlittle-endian -mxl-soft-mul" "EXTRA_COMPILER_FLAGS=-ffunction-sections -fdata-sections -Wall -Wextra"
"Running Make include in hier_1_microblaze_0/libsrc/tmrctr_v4_4/src"
make -C hier_1_microblaze_0/libsrc/tmrctr_v4_4/src -s include  "SHELL=CMD" "COMPILER=mb-gcc" "ARCHIVER=mb-ar" "COMPILER_FLAGS= -O2 -c -mcpu=v10.0 -mlittle-endian -mxl-soft-mul" "EXTRA_COMPILER_FLAGS=-ffunction-sections -fdata-sections -Wall -Wextra"
"Running Make include in hier_1_microblaze_0/libsrc/uartlite_v3_2/src"
make -C hier_1_microblaze_0/libsrc/uartlite_v3_2/src -s include  "SHELL=CMD" "COMPILER=mb-gcc" "ARCHIVER=mb-ar" "COMPILER_FLAGS= -O2 -c -mcpu=v10.0 -mlittle-endian -mxl-soft-mul" "EXTRA_COMPILER_FLAGS=-ffunction-sections -fdata-sections -Wall -Wextra"
"Running Make libs in hier_1_microblaze_0/libsrc/bram_v4_2/src"
make -C hier_1_microblaze_0/libsrc/bram_v4_2/src -s libs  "SHELL=CMD" "COMPILER=mb-gcc" "ARCHIVER=mb-ar" "COMPILER_FLAGS= -O2 -c -mcpu=v10.0 -mlittle-endian -mxl-soft-mul" "EXTRA_COMPILER_FLAGS=-ffunction-sections -fdata-sections -Wall -Wextra"
"Compiling bram"
"Running Make libs in hier_1_microblaze_0/libsrc/cpu_v2_6/src"
make -C hier_1_microblaze_0/libsrc/cpu_v2_6/src -s libs  "SHELL=CMD" "COMPILER=mb-gcc" "ARCHIVER=mb-ar" "COMPILER_FLAGS= -O2 -c -mcpu=v10.0 -mlittle-endian -mxl-soft-mul" "EXTRA_COMPILER_FLAGS=-ffunction-sections -fdata-sections -Wall -Wextra"
"Compiling cpu"
"Running Make libs in hier_1_microblaze_0/libsrc/gpio_v4_3/src"
make -C hier_1_microblaze_0/libsrc/gpio_v4_3/src -s libs  "SHELL=CMD" "COMPILER=mb-gcc" "ARCHIVER=mb-ar" "COMPILER_FLAGS= -O2 -c -mcpu=v10.0 -mlittle-endian -mxl-soft-mul" "EXTRA_COMPILER_FLAGS=-ffunction-sections -fdata-sections -Wall -Wextra"
"Compiling gpio"
"Running Make libs in hier_1_microblaze_0/libsrc/intc_v3_7/src"
make -C hier_1_microblaze_0/libsrc/intc_v3_7/src -s libs  "SHELL=CMD" "COMPILER=mb-gcc" "ARCHIVER=mb-ar" "COMPILER_FLAGS= -O2 -c -mcpu=v10.0 -mlittle-endian -mxl-soft-mul" "EXTRA_COMPILER_FLAGS=-ffunction-sections -fdata-sections -Wall -Wextra"
"Compiling intc"
"Running Make libs in hier_1_microblaze_0/libsrc/standalone_v6_6/src"
make -C hier_1_microblaze_0/libsrc/standalone_v6_6/src -s libs  "SHELL=CMD" "COMPILER=mb-gcc" "ARCHIVER=mb-ar" "COMPILER_FLAGS= -O2 -c -mcpu=v10.0 -mlittle-endian -mxl-soft-mul" "EXTRA_COMPILER_FLAGS=-ffunction-sections -fdata-sections -Wall -Wextra"
"Compiling standalone";
microblaze_sleep.c: In function 'usleep_MB':
microblaze_sleep.c:106:29: warning: unused parameter 'useconds' [-Wunused-parameter]
 int usleep_MB(unsigned long useconds)
                             ^~~~~~~~
microblaze_sleep.c: In function 'sleep_MB':
microblaze_sleep.c:128:32: warning: unused parameter 'seconds' [-Wunused-parameter]
 unsigned sleep_MB(unsigned int seconds)
                                ^~~~~~~
microblaze_sleep.c: In function 'MB_Sleep':
microblaze_sleep.c:153:19: warning: unused parameter 'MilliSeconds' [-Wunused-parameter]
 void MB_Sleep(u32 MilliSeconds)
                   ^~~~~~~~~~~~
"Running Make libs in hier_1_microblaze_0/libsrc/tmrctr_v4_4/src"
make -C hier_1_microblaze_0/libsrc/tmrctr_v4_4/src -s libs  "SHELL=CMD" "COMPILER=mb-gcc" "ARCHIVER=mb-ar" "COMPILER_FLAGS= -O2 -c -mcpu=v10.0 -mlittle-endian -mxl-soft-mul" "EXTRA_COMPILER_FLAGS=-ffunction-sections -fdata-sections -Wall -Wextra"
"Compiling tmrctr"
"Running Make libs in hier_1_microblaze_0/libsrc/uartlite_v3_2/src"
make -C hier_1_microblaze_0/libsrc/uartlite_v3_2/src -s libs  "SHELL=CMD" "COMPILER=mb-gcc" "ARCHIVER=mb-ar" "COMPILER_FLAGS= -O2 -c -mcpu=v10.0 -mlittle-endian -mxl-soft-mul" "EXTRA_COMPILER_FLAGS=-ffunction-sections -fdata-sections -Wall -Wextra"
"Compiling uartlite"
'Finished building libraries'
13:51:01 **** Incremental Build of configuration Debug for project bert ****
make all 
'Building file: ../src/bert.c'
'Invoking: MicroBlaze gcc compiler'
mb-gcc -Wall -O0 -g3 -c -fmessage-length=0 -MT"src/bert.o" -I../../bert_bsp/hier_1_microblaze_0/include -mlittle-endian -mcpu=v10.0 -mxl-soft-mul -Wl,--no-relax -ffunction-sections -fdata-sections -MMD -MP -MF"src/bert.d" -MT"src/bert.o" -o "src/bert.o" "../src/bert.c"
'Finished building: ../src/bert.c'
' '
'Building file: ../src/platform.c'
'Invoking: MicroBlaze gcc compiler'
mb-gcc -Wall -O0 -g3 -c -fmessage-length=0 -MT"src/platform.o" -I../../bert_bsp/hier_1_microblaze_0/include -mlittle-endian -mcpu=v10.0 -mxl-soft-mul -Wl,--no-relax -ffunction-sections -fdata-sections -MMD -MP -MF"src/platform.d" -MT"src/platform.o" -o "src/platform.o" "../src/platform.c"
'Finished building: ../src/platform.c'
' '
'Building target: bert.elf'
'Invoking: MicroBlaze gcc linker'
mb-gcc -Wl,-T -Wl,../src/lscript.ld -L../../bert_bsp/hier_1_microblaze_0/lib -mlittle-endian -mcpu=v10.0 -mxl-soft-mul -Wl,--no-relax -Wl,--gc-sections -o "bert.elf"  ./src/bert.o ./src/platform.o   -Wl,--start-group,-lxil,-lgcc,-lc,--end-group
'Finished building target: bert.elf'
' '
'Invoking: MicroBlaze Print Size'
mb-size bert.elf  |tee "bert.elf.size"
   text	   data	    bss	    dec	    hex	filename
  13336	    356	   3332	  17024	   4280	bert.elf
'Finished building: bert.elf.size'
' '
13:51:23 **** Incremental Build of configuration Debug for project bert ****
make all 
make: Nothing to be done for `all'.
13:55:57 **** Auto Build of configuration Debug for project bert ****
make all 
'Building file: ../src/bert.c'
'Invoking: MicroBlaze gcc compiler'
mb-gcc -Wall -O0 -g3 -c -fmessage-length=0 -MT"src/bert.o" -I../../bert_bsp/hier_1_microblaze_0/include -mlittle-endian -mcpu=v10.0 -mxl-soft-mul -Wl,--no-relax -ffunction-sections -fdata-sections -MMD -MP -MF"src/bert.d" -MT"src/bert.o" -o "src/bert.o" "../src/bert.c"
'Finished building: ../src/bert.c'
' '
'Building target: bert.elf'
'Invoking: MicroBlaze gcc linker'
mb-gcc -Wl,-T -Wl,../src/lscript.ld -L../../bert_bsp/hier_1_microblaze_0/lib -mlittle-endian -mcpu=v10.0 -mxl-soft-mul -Wl,--no-relax -Wl,--gc-sections -o "bert.elf"  ./src/bert.o ./src/platform.o   -Wl,--start-group,-lxil,-lgcc,-lc,--end-group
'Finished building target: bert.elf'
' '
'Invoking: MicroBlaze Print Size'
mb-size bert.elf  |tee "bert.elf.size"
   text	   data	    bss	    dec	    hex	filename
  13332	    356	   3336	  17024	   4280	bert.elf
'Finished building: bert.elf.size'
' '
13:56:17 **** Auto Build of configuration Debug for project bert ****
make all 
'Building file: ../src/bert.c'
'Invoking: MicroBlaze gcc compiler'
mb-gcc -Wall -O0 -g3 -c -fmessage-length=0 -MT"src/bert.o" -I../../bert_bsp/hier_1_microblaze_0/include -mlittle-endian -mcpu=v10.0 -mxl-soft-mul -Wl,--no-relax -ffunction-sections -fdata-sections -MMD -MP -MF"src/bert.d" -MT"src/bert.o" -o "src/bert.o" "../src/bert.c"
'Finished building: ../src/bert.c'
' '
'Building target: bert.elf'
'Invoking: MicroBlaze gcc linker'
mb-gcc -Wl,-T -Wl,../src/lscript.ld -L../../bert_bsp/hier_1_microblaze_0/lib -mlittle-endian -mcpu=v10.0 -mxl-soft-mul -Wl,--no-relax -Wl,--gc-sections -o "bert.elf"  ./src/bert.o ./src/platform.o   -Wl,--start-group,-lxil,-lgcc,-lc,--end-group
'Finished building target: bert.elf'
' '
'Invoking: MicroBlaze Print Size'
mb-size bert.elf  |tee "bert.elf.size"
   text	   data	    bss	    dec	    hex	filename
  13344	    356	   3332	  17032	   4288	bert.elf
'Finished building: bert.elf.size'
' '
13:57:16 **** Auto Build of configuration Debug for project bert ****
make all 
'Building file: ../src/bert.c'
'Invoking: MicroBlaze gcc compiler'
mb-gcc -Wall -O0 -g3 -c -fmessage-length=0 -MT"src/bert.o" -I../../bert_bsp/hier_1_microblaze_0/include -mlittle-endian -mcpu=v10.0 -mxl-soft-mul -Wl,--no-relax -ffunction-sections -fdata-sections -MMD -MP -MF"src/bert.d" -MT"src/bert.o" -o "src/bert.o" "../src/bert.c"
../src/bert.c: In function 'main':
../src/bert.c:60:5: error: expected ';' before '}' token
     }
     ^
make: *** [src/bert.o] Error 1
13:57:58 **** Auto Build of configuration Debug for project bert ****
make all 
'Building file: ../src/bert.c'
'Invoking: MicroBlaze gcc compiler'
mb-gcc -Wall -O0 -g3 -c -fmessage-length=0 -MT"src/bert.o" -I../../bert_bsp/hier_1_microblaze_0/include -mlittle-endian -mcpu=v10.0 -mxl-soft-mul -Wl,--no-relax -ffunction-sections -fdata-sections -MMD -MP -MF"src/bert.d" -MT"src/bert.o" -o "src/bert.o" "../src/bert.c"
'Finished building: ../src/bert.c'
' '
'Building target: bert.elf'
'Invoking: MicroBlaze gcc linker'
mb-gcc -Wl,-T -Wl,../src/lscript.ld -L../../bert_bsp/hier_1_microblaze_0/lib -mlittle-endian -mcpu=v10.0 -mxl-soft-mul -Wl,--no-relax -Wl,--gc-sections -o "bert.elf"  ./src/bert.o ./src/platform.o   -Wl,--start-group,-lxil,-lgcc,-lc,--end-group
'Finished building target: bert.elf'
' '
'Invoking: MicroBlaze Print Size'
mb-size bert.elf  |tee "bert.elf.size"
   text	   data	    bss	    dec	    hex	filename
  13384	    356	   3332	  17072	   42b0	bert.elf
'Finished building: bert.elf.size'
' '
13:58:06 **** Auto Build of configuration Debug for project bert ****
make all 
'Building file: ../src/bert.c'
'Invoking: MicroBlaze gcc compiler'
mb-gcc -Wall -O0 -g3 -c -fmessage-length=0 -MT"src/bert.o" -I../../bert_bsp/hier_1_microblaze_0/include -mlittle-endian -mcpu=v10.0 -mxl-soft-mul -Wl,--no-relax -ffunction-sections -fdata-sections -MMD -MP -MF"src/bert.d" -MT"src/bert.o" -o "src/bert.o" "../src/bert.c"
'Finished building: ../src/bert.c'
' '
'Building target: bert.elf'
'Invoking: MicroBlaze gcc linker'
mb-gcc -Wl,-T -Wl,../src/lscript.ld -L../../bert_bsp/hier_1_microblaze_0/lib -mlittle-endian -mcpu=v10.0 -mxl-soft-mul -Wl,--no-relax -Wl,--gc-sections -o "bert.elf"  ./src/bert.o ./src/platform.o   -Wl,--start-group,-lxil,-lgcc,-lc,--end-group
'Finished building target: bert.elf'
' '
'Invoking: MicroBlaze Print Size'
mb-size bert.elf  |tee "bert.elf.size"
   text	   data	    bss	    dec	    hex	filename
  13372	    356	   3336	  17064	   42a8	bert.elf
'Finished building: bert.elf.size'
' '
13:58:14 **** Auto Build of configuration Debug for project bert ****
make all 
'Building file: ../src/bert.c'
'Invoking: MicroBlaze gcc compiler'
mb-gcc -Wall -O0 -g3 -c -fmessage-length=0 -MT"src/bert.o" -I../../bert_bsp/hier_1_microblaze_0/include -mlittle-endian -mcpu=v10.0 -mxl-soft-mul -Wl,--no-relax -ffunction-sections -fdata-sections -MMD -MP -MF"src/bert.d" -MT"src/bert.o" -o "src/bert.o" "../src/bert.c"
'Finished building: ../src/bert.c'
' '
'Building target: bert.elf'
'Invoking: MicroBlaze gcc linker'
mb-gcc -Wl,-T -Wl,../src/lscript.ld -L../../bert_bsp/hier_1_microblaze_0/lib -mlittle-endian -mcpu=v10.0 -mxl-soft-mul -Wl,--no-relax -Wl,--gc-sections -o "bert.elf"  ./src/bert.o ./src/platform.o   -Wl,--start-group,-lxil,-lgcc,-lc,--end-group
'Finished building target: bert.elf'
' '
'Invoking: MicroBlaze Print Size'
mb-size bert.elf  |tee "bert.elf.size"
   text	   data	    bss	    dec	    hex	filename
  13372	    356	   3336	  17064	   42a8	bert.elf
'Finished building: bert.elf.size'
' '
13:59:22 **** Auto Build of configuration Debug for project bert ****
make all 
'Building file: ../src/bert.c'
'Invoking: MicroBlaze gcc compiler'
mb-gcc -Wall -O0 -g3 -c -fmessage-length=0 -MT"src/bert.o" -I../../bert_bsp/hier_1_microblaze_0/include -mlittle-endian -mcpu=v10.0 -mxl-soft-mul -Wl,--no-relax -ffunction-sections -fdata-sections -MMD -MP -MF"src/bert.d" -MT"src/bert.o" -o "src/bert.o" "../src/bert.c"
../src/bert.c: In function 'main':
../src/bert.c:86:26: warning: missing terminating " character
   if(x>20000){xil_printf("\r Error out of sync);)
                          ^
../src/bert.c:86:26: error: missing terminating " character
   if(x>20000){xil_printf("\r Error out of sync);)
                          ^~~~~~~~~~~~~~~~~~~~~~~~
../src/bert.c:89:2: error: expected expression before '}' token
  }
  ^
../src/bert.c:89:2: error: expected ';' before '}' token
../src/bert.c:315:1: error: expected declaration or statement at end of input
 }
 ^
At top level:
../src/bert.c:311:6: warning: 'delay_ms' defined but not used [-Wunused-function]
 void delay_ms(u32 time) {
      ^~~~~~~~
../src/bert.c:297:6: warning: 'EnableTest' defined but not used [-Wunused-function]
 void EnableTest(void) {
      ^~~~~~~~~~
../src/bert.c:268:6: warning: 'delay_us' defined but not used [-Wunused-function]
 void delay_us(u32 time) {
      ^~~~~~~~
../src/bert.c:230:6: warning: 'DeviceDriverHandler' defined but not used [-Wunused-function]
 void DeviceDriverHandler(void *CallbackRef) {
      ^~~~~~~~~~~~~~~~~~~
../src/bert.c:162:5: warning: 'SetUpInterruptSystem' defined but not used [-Wunused-function]
 int SetUpInterruptSystem(XIntc *XIntcInstancePtr) {
     ^~~~~~~~~~~~~~~~~~~~
../src/bert.c:105:6: warning: 'Init' defined but not used [-Wunused-function]
 long Init(void) {
      ^~~~
make: *** [src/bert.o] Error 1
13:59:26 **** Incremental Build of configuration Debug for project bert ****
make all 
'Building file: ../src/bert.c'
'Invoking: MicroBlaze gcc compiler'
mb-gcc -Wall -O0 -g3 -c -fmessage-length=0 -MT"src/bert.o" -I../../bert_bsp/hier_1_microblaze_0/include -mlittle-endian -mcpu=v10.0 -mxl-soft-mul -Wl,--no-relax -ffunction-sections -fdata-sections -MMD -MP -MF"src/bert.d" -MT"src/bert.o" -o "src/bert.o" "../src/bert.c"
../src/bert.c: In function 'main':
../src/bert.c:86:26: warning: missing terminating " character
   if(x>20000){xil_printf("\r Error out of sync);)
                          ^
../src/bert.c:86:26: error: missing terminating " character
   if(x>20000){xil_printf("\r Error out of sync);)
                          ^~~~~~~~~~~~~~~~~~~~~~~~
../src/bert.c:89:2: error: expected expression before '}' token
  }
  ^
../src/bert.c:89:2: error: expected ';' before '}' token
../src/bert.c:315:1: error: expected declaration or statement at end of input
 }
 ^
At top level:
../src/bert.c:311:6: warning: 'delay_ms' defined but not used [-Wunused-function]
 void delay_ms(u32 time) {
      ^~~~~~~~
../src/bert.c:297:6: warning: 'EnableTest' defined but not used [-Wunused-function]
 void EnableTest(void) {
      ^~~~~~~~~~
../src/bert.c:268:6: warning: 'delay_us' defined but not used [-Wunused-function]
 void delay_us(u32 time) {
      ^~~~~~~~
../src/bert.c:230:6: warning: 'DeviceDriverHandler' defined but not used [-Wunused-function]
 void DeviceDriverHandler(void *CallbackRef) {
      ^~~~~~~~~~~~~~~~~~~
../src/bert.c:162:5: warning: 'SetUpInterruptSystem' defined but not used [-Wunused-function]
 int SetUpInterruptSystem(XIntc *XIntcInstancePtr) {
     ^~~~~~~~~~~~~~~~~~~~
../src/bert.c:105:6: warning: 'Init' defined but not used [-Wunused-function]
 long Init(void) {
      ^~~~
make: *** [src/bert.o] Error 1
13:59:37 **** Auto Build of configuration Debug for project bert ****
make all 
'Building file: ../src/bert.c'
'Invoking: MicroBlaze gcc compiler'
mb-gcc -Wall -O0 -g3 -c -fmessage-length=0 -MT"src/bert.o" -I../../bert_bsp/hier_1_microblaze_0/include -mlittle-endian -mcpu=v10.0 -mxl-soft-mul -Wl,--no-relax -ffunction-sections -fdata-sections -MMD -MP -MF"src/bert.d" -MT"src/bert.o" -o "src/bert.o" "../src/bert.c"
../src/bert.c: In function 'main':
../src/bert.c:86:26: warning: missing terminating " character
   if(x>20000){xil_printf("\r Error out of sync);)}
                          ^
../src/bert.c:86:26: error: missing terminating " character
   if(x>20000){xil_printf("\r Error out of sync);)}
                          ^~~~~~~~~~~~~~~~~~~~~~~~~
../src/bert.c:89:2: error: expected expression before '}' token
  }
  ^
../src/bert.c:89:2: error: expected ';' before '}' token
../src/bert.c:315:1: error: expected declaration or statement at end of input
 }
 ^
At top level:
../src/bert.c:311:6: warning: 'delay_ms' defined but not used [-Wunused-function]
 void delay_ms(u32 time) {
      ^~~~~~~~
../src/bert.c:297:6: warning: 'EnableTest' defined but not used [-Wunused-function]
 void EnableTest(void) {
      ^~~~~~~~~~
../src/bert.c:268:6: warning: 'delay_us' defined but not used [-Wunused-function]
 void delay_us(u32 time) {
      ^~~~~~~~
../src/bert.c:230:6: warning: 'DeviceDriverHandler' defined but not used [-Wunused-function]
 void DeviceDriverHandler(void *CallbackRef) {
      ^~~~~~~~~~~~~~~~~~~
../src/bert.c:162:5: warning: 'SetUpInterruptSystem' defined but not used [-Wunused-function]
 int SetUpInterruptSystem(XIntc *XIntcInstancePtr) {
     ^~~~~~~~~~~~~~~~~~~~
../src/bert.c:105:6: warning: 'Init' defined but not used [-Wunused-function]
 long Init(void) {
      ^~~~
make: *** [src/bert.o] Error 1
13:59:51 **** Auto Build of configuration Debug for project bert ****
make all 
'Building file: ../src/bert.c'
'Invoking: MicroBlaze gcc compiler'
mb-gcc -Wall -O0 -g3 -c -fmessage-length=0 -MT"src/bert.o" -I../../bert_bsp/hier_1_microblaze_0/include -mlittle-endian -mcpu=v10.0 -mxl-soft-mul -Wl,--no-relax -ffunction-sections -fdata-sections -MMD -MP -MF"src/bert.d" -MT"src/bert.o" -o "src/bert.o" "../src/bert.c"
'Finished building: ../src/bert.c'
' '
'Building target: bert.elf'
'Invoking: MicroBlaze gcc linker'
mb-gcc -Wl,-T -Wl,../src/lscript.ld -L../../bert_bsp/hier_1_microblaze_0/lib -mlittle-endian -mcpu=v10.0 -mxl-soft-mul -Wl,--no-relax -Wl,--gc-sections -o "bert.elf"  ./src/bert.o ./src/platform.o   -Wl,--start-group,-lxil,-lgcc,-lc,--end-group
'Finished building target: bert.elf'
' '
'Invoking: MicroBlaze Print Size'
mb-size bert.elf  |tee "bert.elf.size"
   text	   data	    bss	    dec	    hex	filename
  13428	    356	   3336	  17120	   42e0	bert.elf
'Finished building: bert.elf.size'
' '
13:59:56 **** Incremental Build of configuration Debug for project bert ****
make all 
make: Nothing to be done for `all'.
14:00:47 **** Auto Build of configuration Debug for project bert ****
make all 
'Building file: ../src/bert.c'
'Invoking: MicroBlaze gcc compiler'
mb-gcc -Wall -O0 -g3 -c -fmessage-length=0 -MT"src/bert.o" -I../../bert_bsp/hier_1_microblaze_0/include -mlittle-endian -mcpu=v10.0 -mxl-soft-mul -Wl,--no-relax -ffunction-sections -fdata-sections -MMD -MP -MF"src/bert.d" -MT"src/bert.o" -o "src/bert.o" "../src/bert.c"
'Finished building: ../src/bert.c'
' '
'Building target: bert.elf'
'Invoking: MicroBlaze gcc linker'
mb-gcc -Wl,-T -Wl,../src/lscript.ld -L../../bert_bsp/hier_1_microblaze_0/lib -mlittle-endian -mcpu=v10.0 -mxl-soft-mul -Wl,--no-relax -Wl,--gc-sections -o "bert.elf"  ./src/bert.o ./src/platform.o   -Wl,--start-group,-lxil,-lgcc,-lc,--end-group
'Finished building target: bert.elf'
' '
'Invoking: MicroBlaze Print Size'
mb-size bert.elf  |tee "bert.elf.size"
   text	   data	    bss	    dec	    hex	filename
  13428	    356	   3336	  17120	   42e0	bert.elf
'Finished building: bert.elf.size'
' '
14:00:51 **** Incremental Build of configuration Debug for project bert ****
make all 
make: Nothing to be done for `all'.
14:01:27 **** Auto Build of configuration Debug for project bert ****
make all 
'Building file: ../src/bert.c'
'Invoking: MicroBlaze gcc compiler'
mb-gcc -Wall -O0 -g3 -c -fmessage-length=0 -MT"src/bert.o" -I../../bert_bsp/hier_1_microblaze_0/include -mlittle-endian -mcpu=v10.0 -mxl-soft-mul -Wl,--no-relax -ffunction-sections -fdata-sections -MMD -MP -MF"src/bert.d" -MT"src/bert.o" -o "src/bert.o" "../src/bert.c"
'Finished building: ../src/bert.c'
' '
'Building target: bert.elf'
'Invoking: MicroBlaze gcc linker'
mb-gcc -Wl,-T -Wl,../src/lscript.ld -L../../bert_bsp/hier_1_microblaze_0/lib -mlittle-endian -mcpu=v10.0 -mxl-soft-mul -Wl,--no-relax -Wl,--gc-sections -o "bert.elf"  ./src/bert.o ./src/platform.o   -Wl,--start-group,-lxil,-lgcc,-lc,--end-group
'Finished building target: bert.elf'
' '
'Invoking: MicroBlaze Print Size'
mb-size bert.elf  |tee "bert.elf.size"
   text	   data	    bss	    dec	    hex	filename
  13428	    356	   3336	  17120	   42e0	bert.elf
'Finished building: bert.elf.size'
' '
14:01:32 **** Incremental Build of configuration Debug for project bert ****
make all 
make: Nothing to be done for `all'.
14:01:47 **** Auto Build of configuration Debug for project bert ****
make all 
'Building file: ../src/bert.c'
'Invoking: MicroBlaze gcc compiler'
mb-gcc -Wall -O0 -g3 -c -fmessage-length=0 -MT"src/bert.o" -I../../bert_bsp/hier_1_microblaze_0/include -mlittle-endian -mcpu=v10.0 -mxl-soft-mul -Wl,--no-relax -ffunction-sections -fdata-sections -MMD -MP -MF"src/bert.d" -MT"src/bert.o" -o "src/bert.o" "../src/bert.c"
'Finished building: ../src/bert.c'
' '
'Building target: bert.elf'
'Invoking: MicroBlaze gcc linker'
mb-gcc -Wl,-T -Wl,../src/lscript.ld -L../../bert_bsp/hier_1_microblaze_0/lib -mlittle-endian -mcpu=v10.0 -mxl-soft-mul -Wl,--no-relax -Wl,--gc-sections -o "bert.elf"  ./src/bert.o ./src/platform.o   -Wl,--start-group,-lxil,-lgcc,-lc,--end-group
'Finished building target: bert.elf'
' '
'Invoking: MicroBlaze Print Size'
mb-size bert.elf  |tee "bert.elf.size"
   text	   data	    bss	    dec	    hex	filename
  13424	    356	   3332	  17112	   42d8	bert.elf
'Finished building: bert.elf.size'
' '
14:01:51 **** Incremental Build of configuration Debug for project bert ****
make all 
make: Nothing to be done for `all'.
14:02:18 **** Auto Build of configuration Debug for project bert ****
make all 
'Building file: ../src/bert.c'
'Invoking: MicroBlaze gcc compiler'
mb-gcc -Wall -O0 -g3 -c -fmessage-length=0 -MT"src/bert.o" -I../../bert_bsp/hier_1_microblaze_0/include -mlittle-endian -mcpu=v10.0 -mxl-soft-mul -Wl,--no-relax -ffunction-sections -fdata-sections -MMD -MP -MF"src/bert.d" -MT"src/bert.o" -o "src/bert.o" "../src/bert.c"
'Finished building: ../src/bert.c'
' '
'Building target: bert.elf'
'Invoking: MicroBlaze gcc linker'
mb-gcc -Wl,-T -Wl,../src/lscript.ld -L../../bert_bsp/hier_1_microblaze_0/lib -mlittle-endian -mcpu=v10.0 -mxl-soft-mul -Wl,--no-relax -Wl,--gc-sections -o "bert.elf"  ./src/bert.o ./src/platform.o   -Wl,--start-group,-lxil,-lgcc,-lc,--end-group
'Finished building target: bert.elf'
' '
'Invoking: MicroBlaze Print Size'
mb-size bert.elf  |tee "bert.elf.size"
   text	   data	    bss	    dec	    hex	filename
  13436	    356	   3336	  17128	   42e8	bert.elf
'Finished building: bert.elf.size'
' '
14:02:22 **** Incremental Build of configuration Debug for project bert ****
make all 
make: Nothing to be done for `all'.
14:02:51 **** Auto Build of configuration Debug for project bert ****
make all 
'Building file: ../src/bert.c'
'Invoking: MicroBlaze gcc compiler'
mb-gcc -Wall -O0 -g3 -c -fmessage-length=0 -MT"src/bert.o" -I../../bert_bsp/hier_1_microblaze_0/include -mlittle-endian -mcpu=v10.0 -mxl-soft-mul -Wl,--no-relax -ffunction-sections -fdata-sections -MMD -MP -MF"src/bert.d" -MT"src/bert.o" -o "src/bert.o" "../src/bert.c"
'Finished building: ../src/bert.c'
' '
'Building target: bert.elf'
'Invoking: MicroBlaze gcc linker'
mb-gcc -Wl,-T -Wl,../src/lscript.ld -L../../bert_bsp/hier_1_microblaze_0/lib -mlittle-endian -mcpu=v10.0 -mxl-soft-mul -Wl,--no-relax -Wl,--gc-sections -o "bert.elf"  ./src/bert.o ./src/platform.o   -Wl,--start-group,-lxil,-lgcc,-lc,--end-group
'Finished building target: bert.elf'
' '
'Invoking: MicroBlaze Print Size'
mb-size bert.elf  |tee "bert.elf.size"
   text	   data	    bss	    dec	    hex	filename
  13436	    356	   3336	  17128	   42e8	bert.elf
'Finished building: bert.elf.size'
' '
14:02:56 **** Incremental Build of configuration Debug for project bert ****
make all 
make: Nothing to be done for `all'.
14:04:11 **** Incremental Build of configuration Debug for project bert ****
make all 
make: Nothing to be done for `all'.
14:04:41 **** Incremental Build of configuration Debug for project bert ****
make all 
make: Nothing to be done for `all'.
14:05:15 **** Incremental Build of configuration Debug for project bert ****
make all 
make: Nothing to be done for `all'.
14:05:58 **** Incremental Build of configuration Debug for project bert ****
make all 
make: Nothing to be done for `all'.
14:06:03 **** Incremental Build of configuration Debug for project bert ****
make all 
make: Nothing to be done for `all'.
14:12:43 **** Incremental Build of configuration Debug for project bert ****
make all 
make: Nothing to be done for `all'.
14:13:28 **** Auto Build of configuration Debug for project bert ****
make all 
'Building file: ../src/bert.c'
'Invoking: MicroBlaze gcc compiler'
mb-gcc -Wall -O0 -g3 -c -fmessage-length=0 -MT"src/bert.o" -I../../bert_bsp/hier_1_microblaze_0/include -mlittle-endian -mcpu=v10.0 -mxl-soft-mul -Wl,--no-relax -ffunction-sections -fdata-sections -MMD -MP -MF"src/bert.d" -MT"src/bert.o" -o "src/bert.o" "../src/bert.c"
../src/bert.c: In function 'main':
../src/bert.c:67:8: error: 'z' undeclared (first use in this function)
        z++;
        ^
../src/bert.c:67:8: note: each undeclared identifier is reported only once for each function it appears in
make: *** [src/bert.o] Error 1
14:13:56 **** Auto Build of configuration Debug for project bert ****
make all 
'Building file: ../src/bert.c'
'Invoking: MicroBlaze gcc compiler'
mb-gcc -Wall -O0 -g3 -c -fmessage-length=0 -MT"src/bert.o" -I../../bert_bsp/hier_1_microblaze_0/include -mlittle-endian -mcpu=v10.0 -mxl-soft-mul -Wl,--no-relax -ffunction-sections -fdata-sections -MMD -MP -MF"src/bert.d" -MT"src/bert.o" -o "src/bert.o" "../src/bert.c"
'Finished building: ../src/bert.c'
' '
'Building target: bert.elf'
'Invoking: MicroBlaze gcc linker'
mb-gcc -Wl,-T -Wl,../src/lscript.ld -L../../bert_bsp/hier_1_microblaze_0/lib -mlittle-endian -mcpu=v10.0 -mxl-soft-mul -Wl,--no-relax -Wl,--gc-sections -o "bert.elf"  ./src/bert.o ./src/platform.o   -Wl,--start-group,-lxil,-lgcc,-lc,--end-group
'Finished building target: bert.elf'
' '
'Invoking: MicroBlaze Print Size'
mb-size bert.elf  |tee "bert.elf.size"
   text	   data	    bss	    dec	    hex	filename
  13492	    356	   3336	  17184	   4320	bert.elf
'Finished building: bert.elf.size'
' '
14:14:01 **** Auto Build of configuration Debug for project bert ****
make all 
'Building file: ../src/bert.c'
'Invoking: MicroBlaze gcc compiler'
mb-gcc -Wall -O0 -g3 -c -fmessage-length=0 -MT"src/bert.o" -I../../bert_bsp/hier_1_microblaze_0/include -mlittle-endian -mcpu=v10.0 -mxl-soft-mul -Wl,--no-relax -ffunction-sections -fdata-sections -MMD -MP -MF"src/bert.d" -MT"src/bert.o" -o "src/bert.o" "../src/bert.c"
'Finished building: ../src/bert.c'
' '
'Building target: bert.elf'
'Invoking: MicroBlaze gcc linker'
mb-gcc -Wl,-T -Wl,../src/lscript.ld -L../../bert_bsp/hier_1_microblaze_0/lib -mlittle-endian -mcpu=v10.0 -mxl-soft-mul -Wl,--no-relax -Wl,--gc-sections -o "bert.elf"  ./src/bert.o ./src/platform.o   -Wl,--start-group,-lxil,-lgcc,-lc,--end-group
'Finished building target: bert.elf'
' '
'Invoking: MicroBlaze Print Size'
mb-size bert.elf  |tee "bert.elf.size"
   text	   data	    bss	    dec	    hex	filename
  13492	    356	   3336	  17184	   4320	bert.elf
'Finished building: bert.elf.size'
' '
14:14:21 **** Auto Build of configuration Debug for project bert ****
make all 
'Building file: ../src/bert.c'
'Invoking: MicroBlaze gcc compiler'
mb-gcc -Wall -O0 -g3 -c -fmessage-length=0 -MT"src/bert.o" -I../../bert_bsp/hier_1_microblaze_0/include -mlittle-endian -mcpu=v10.0 -mxl-soft-mul -Wl,--no-relax -ffunction-sections -fdata-sections -MMD -MP -MF"src/bert.d" -MT"src/bert.o" -o "src/bert.o" "../src/bert.c"
'Finished building: ../src/bert.c'
' '
'Building target: bert.elf'
'Invoking: MicroBlaze gcc linker'
mb-gcc -Wl,-T -Wl,../src/lscript.ld -L../../bert_bsp/hier_1_microblaze_0/lib -mlittle-endian -mcpu=v10.0 -mxl-soft-mul -Wl,--no-relax -Wl,--gc-sections -o "bert.elf"  ./src/bert.o ./src/platform.o   -Wl,--start-group,-lxil,-lgcc,-lc,--end-group
'Finished building target: bert.elf'
' '
'Invoking: MicroBlaze Print Size'
mb-size bert.elf  |tee "bert.elf.size"
   text	   data	    bss	    dec	    hex	filename
  13500	    356	   3336	  17192	   4328	bert.elf
'Finished building: bert.elf.size'
' '
14:14:25 **** Incremental Build of configuration Debug for project bert ****
make all 
make: Nothing to be done for `all'.
14:14:43 **** Incremental Build of configuration Debug for project bert ****
make all 
make: Nothing to be done for `all'.
14:17:32 **** Incremental Build of configuration Debug for project bert ****
make all 
make: Nothing to be done for `all'.
14:17:50 **** Auto Build of configuration Debug for project bert ****
make all 
'Building file: ../src/bert.c'
'Invoking: MicroBlaze gcc compiler'
mb-gcc -Wall -O0 -g3 -c -fmessage-length=0 -MT"src/bert.o" -I../../bert_bsp/hier_1_microblaze_0/include -mlittle-endian -mcpu=v10.0 -mxl-soft-mul -Wl,--no-relax -ffunction-sections -fdata-sections -MMD -MP -MF"src/bert.d" -MT"src/bert.o" -o "src/bert.o" "../src/bert.c"
'Finished building: ../src/bert.c'
' '
'Building target: bert.elf'
'Invoking: MicroBlaze gcc linker'
mb-gcc -Wl,-T -Wl,../src/lscript.ld -L../../bert_bsp/hier_1_microblaze_0/lib -mlittle-endian -mcpu=v10.0 -mxl-soft-mul -Wl,--no-relax -Wl,--gc-sections -o "bert.elf"  ./src/bert.o ./src/platform.o   -Wl,--start-group,-lxil,-lgcc,-lc,--end-group
'Finished building target: bert.elf'
' '
'Invoking: MicroBlaze Print Size'
mb-size bert.elf  |tee "bert.elf.size"
   text	   data	    bss	    dec	    hex	filename
  13500	    356	   3336	  17192	   4328	bert.elf
'Finished building: bert.elf.size'
' '
14:17:55 **** Incremental Build of configuration Debug for project bert ****
make all 
make: Nothing to be done for `all'.
14:18:42 **** Auto Build of configuration Debug for project bert ****
make all 
'Building file: ../src/bert.c'
'Invoking: MicroBlaze gcc compiler'
mb-gcc -Wall -O0 -g3 -c -fmessage-length=0 -MT"src/bert.o" -I../../bert_bsp/hier_1_microblaze_0/include -mlittle-endian -mcpu=v10.0 -mxl-soft-mul -Wl,--no-relax -ffunction-sections -fdata-sections -MMD -MP -MF"src/bert.d" -MT"src/bert.o" -o "src/bert.o" "../src/bert.c"
'Finished building: ../src/bert.c'
' '
'Building target: bert.elf'
'Invoking: MicroBlaze gcc linker'
mb-gcc -Wl,-T -Wl,../src/lscript.ld -L../../bert_bsp/hier_1_microblaze_0/lib -mlittle-endian -mcpu=v10.0 -mxl-soft-mul -Wl,--no-relax -Wl,--gc-sections -o "bert.elf"  ./src/bert.o ./src/platform.o   -Wl,--start-group,-lxil,-lgcc,-lc,--end-group
'Finished building target: bert.elf'
' '
'Invoking: MicroBlaze Print Size'
mb-size bert.elf  |tee "bert.elf.size"
   text	   data	    bss	    dec	    hex	filename
  13556	    356	   3336	  17248	   4360	bert.elf
'Finished building: bert.elf.size'
' '
14:18:50 **** Auto Build of configuration Debug for project bert ****
make all 
'Building file: ../src/bert.c'
'Invoking: MicroBlaze gcc compiler'
mb-gcc -Wall -O0 -g3 -c -fmessage-length=0 -MT"src/bert.o" -I../../bert_bsp/hier_1_microblaze_0/include -mlittle-endian -mcpu=v10.0 -mxl-soft-mul -Wl,--no-relax -ffunction-sections -fdata-sections -MMD -MP -MF"src/bert.d" -MT"src/bert.o" -o "src/bert.o" "../src/bert.c"
'Finished building: ../src/bert.c'
' '
'Building target: bert.elf'
'Invoking: MicroBlaze gcc linker'
mb-gcc -Wl,-T -Wl,../src/lscript.ld -L../../bert_bsp/hier_1_microblaze_0/lib -mlittle-endian -mcpu=v10.0 -mxl-soft-mul -Wl,--no-relax -Wl,--gc-sections -o "bert.elf"  ./src/bert.o ./src/platform.o   -Wl,--start-group,-lxil,-lgcc,-lc,--end-group
'Finished building target: bert.elf'
' '
'Invoking: MicroBlaze Print Size'
mb-size bert.elf  |tee "bert.elf.size"
   text	   data	    bss	    dec	    hex	filename
  13560	    356	   3332	  17248	   4360	bert.elf
'Finished building: bert.elf.size'
' '
14:19:02 **** Auto Build of configuration Debug for project bert ****
make all 
'Building file: ../src/bert.c'
'Invoking: MicroBlaze gcc compiler'
mb-gcc -Wall -O0 -g3 -c -fmessage-length=0 -MT"src/bert.o" -I../../bert_bsp/hier_1_microblaze_0/include -mlittle-endian -mcpu=v10.0 -mxl-soft-mul -Wl,--no-relax -ffunction-sections -fdata-sections -MMD -MP -MF"src/bert.d" -MT"src/bert.o" -o "src/bert.o" "../src/bert.c"
'Finished building: ../src/bert.c'
' '
'Building target: bert.elf'
'Invoking: MicroBlaze gcc linker'
mb-gcc -Wl,-T -Wl,../src/lscript.ld -L../../bert_bsp/hier_1_microblaze_0/lib -mlittle-endian -mcpu=v10.0 -mxl-soft-mul -Wl,--no-relax -Wl,--gc-sections -o "bert.elf"  ./src/bert.o ./src/platform.o   -Wl,--start-group,-lxil,-lgcc,-lc,--end-group
'Finished building target: bert.elf'
' '
'Invoking: MicroBlaze Print Size'
mb-size bert.elf  |tee "bert.elf.size"
   text	   data	    bss	    dec	    hex	filename
  13560	    356	   3332	  17248	   4360	bert.elf
'Finished building: bert.elf.size'
' '
14:19:06 **** Incremental Build of configuration Debug for project bert ****
make all 
make: Nothing to be done for `all'.
14:19:29 **** Auto Build of configuration Debug for project bert ****
make all 
'Building file: ../src/bert.c'
'Invoking: MicroBlaze gcc compiler'
mb-gcc -Wall -O0 -g3 -c -fmessage-length=0 -MT"src/bert.o" -I../../bert_bsp/hier_1_microblaze_0/include -mlittle-endian -mcpu=v10.0 -mxl-soft-mul -Wl,--no-relax -ffunction-sections -fdata-sections -MMD -MP -MF"src/bert.d" -MT"src/bert.o" -o "src/bert.o" "../src/bert.c"
'Finished building: ../src/bert.c'
' '
'Building target: bert.elf'
'Invoking: MicroBlaze gcc linker'
mb-gcc -Wl,-T -Wl,../src/lscript.ld -L../../bert_bsp/hier_1_microblaze_0/lib -mlittle-endian -mcpu=v10.0 -mxl-soft-mul -Wl,--no-relax -Wl,--gc-sections -o "bert.elf"  ./src/bert.o ./src/platform.o   -Wl,--start-group,-lxil,-lgcc,-lc,--end-group
'Finished building target: bert.elf'
' '
'Invoking: MicroBlaze Print Size'
mb-size bert.elf  |tee "bert.elf.size"
   text	   data	    bss	    dec	    hex	filename
  13564	    356	   3336	  17256	   4368	bert.elf
'Finished building: bert.elf.size'
' '
14:19:34 **** Incremental Build of configuration Debug for project bert ****
make all 
make: Nothing to be done for `all'.
14:20:00 **** Auto Build of configuration Debug for project bert ****
make all 
'Building file: ../src/bert.c'
'Invoking: MicroBlaze gcc compiler'
mb-gcc -Wall -O0 -g3 -c -fmessage-length=0 -MT"src/bert.o" -I../../bert_bsp/hier_1_microblaze_0/include -mlittle-endian -mcpu=v10.0 -mxl-soft-mul -Wl,--no-relax -ffunction-sections -fdata-sections -MMD -MP -MF"src/bert.d" -MT"src/bert.o" -o "src/bert.o" "../src/bert.c"
'Finished building: ../src/bert.c'
' '
'Building target: bert.elf'
'Invoking: MicroBlaze gcc linker'
mb-gcc -Wl,-T -Wl,../src/lscript.ld -L../../bert_bsp/hier_1_microblaze_0/lib -mlittle-endian -mcpu=v10.0 -mxl-soft-mul -Wl,--no-relax -Wl,--gc-sections -o "bert.elf"  ./src/bert.o ./src/platform.o   -Wl,--start-group,-lxil,-lgcc,-lc,--end-group
'Finished building target: bert.elf'
' '
'Invoking: MicroBlaze Print Size'
mb-size bert.elf  |tee "bert.elf.size"
   text	   data	    bss	    dec	    hex	filename
  13568	    356	   3332	  17256	   4368	bert.elf
'Finished building: bert.elf.size'
' '
14:20:05 **** Auto Build of configuration Debug for project bert ****
make all 
'Building file: ../src/bert.c'
'Invoking: MicroBlaze gcc compiler'
mb-gcc -Wall -O0 -g3 -c -fmessage-length=0 -MT"src/bert.o" -I../../bert_bsp/hier_1_microblaze_0/include -mlittle-endian -mcpu=v10.0 -mxl-soft-mul -Wl,--no-relax -ffunction-sections -fdata-sections -MMD -MP -MF"src/bert.d" -MT"src/bert.o" -o "src/bert.o" "../src/bert.c"
'Finished building: ../src/bert.c'
' '
'Building target: bert.elf'
'Invoking: MicroBlaze gcc linker'
mb-gcc -Wl,-T -Wl,../src/lscript.ld -L../../bert_bsp/hier_1_microblaze_0/lib -mlittle-endian -mcpu=v10.0 -mxl-soft-mul -Wl,--no-relax -Wl,--gc-sections -o "bert.elf"  ./src/bert.o ./src/platform.o   -Wl,--start-group,-lxil,-lgcc,-lc,--end-group
'Finished building target: bert.elf'
' '
'Invoking: MicroBlaze Print Size'
mb-size bert.elf  |tee "bert.elf.size"
   text	   data	    bss	    dec	    hex	filename
  13552	    356	   3332	  17240	   4358	bert.elf
'Finished building: bert.elf.size'
' '
14:20:09 **** Incremental Build of configuration Debug for project bert ****
make all 
make: Nothing to be done for `all'.
14:35:18 **** Incremental Build of configuration Debug for project bert ****
make all 
make: Nothing to be done for `all'.
14:42:02 **** Auto Build of configuration Debug for project bert ****
make all 
'Building file: ../src/bert.c'
'Invoking: MicroBlaze gcc compiler'
mb-gcc -Wall -O0 -g3 -c -fmessage-length=0 -MT"src/bert.o" -I../../bert_bsp/hier_1_microblaze_0/include -mlittle-endian -mcpu=v10.0 -mxl-soft-mul -Wl,--no-relax -ffunction-sections -fdata-sections -MMD -MP -MF"src/bert.d" -MT"src/bert.o" -o "src/bert.o" "../src/bert.c"
'Finished building: ../src/bert.c'
' '
'Building target: bert.elf'
'Invoking: MicroBlaze gcc linker'
mb-gcc -Wl,-T -Wl,../src/lscript.ld -L../../bert_bsp/hier_1_microblaze_0/lib -mlittle-endian -mcpu=v10.0 -mxl-soft-mul -Wl,--no-relax -Wl,--gc-sections -o "bert.elf"  ./src/bert.o ./src/platform.o   -Wl,--start-group,-lxil,-lgcc,-lc,--end-group
'Finished building target: bert.elf'
' '
'Invoking: MicroBlaze Print Size'
mb-size bert.elf  |tee "bert.elf.size"
   text	   data	    bss	    dec	    hex	filename
  13548	    356	   3336	  17240	   4358	bert.elf
'Finished building: bert.elf.size'
' '
14:42:06 **** Incremental Build of configuration Debug for project bert ****
make all 
make: Nothing to be done for `all'.
14:42:53 **** Incremental Build of configuration Debug for project bert ****
make all 
make: Nothing to be done for `all'.
14:43:21 **** Auto Build of configuration Debug for project bert ****
make all 
'Building file: ../src/bert.c'
'Invoking: MicroBlaze gcc compiler'
mb-gcc -Wall -O0 -g3 -c -fmessage-length=0 -MT"src/bert.o" -I../../bert_bsp/hier_1_microblaze_0/include -mlittle-endian -mcpu=v10.0 -mxl-soft-mul -Wl,--no-relax -ffunction-sections -fdata-sections -MMD -MP -MF"src/bert.d" -MT"src/bert.o" -o "src/bert.o" "../src/bert.c"
'Finished building: ../src/bert.c'
' '
'Building target: bert.elf'
'Invoking: MicroBlaze gcc linker'
mb-gcc -Wl,-T -Wl,../src/lscript.ld -L../../bert_bsp/hier_1_microblaze_0/lib -mlittle-endian -mcpu=v10.0 -mxl-soft-mul -Wl,--no-relax -Wl,--gc-sections -o "bert.elf"  ./src/bert.o ./src/platform.o   -Wl,--start-group,-lxil,-lgcc,-lc,--end-group
'Finished building target: bert.elf'
' '
'Invoking: MicroBlaze Print Size'
mb-size bert.elf  |tee "bert.elf.size"
   text	   data	    bss	    dec	    hex	filename
  13560	    356	   3332	  17248	   4360	bert.elf
'Finished building: bert.elf.size'
' '
14:43:35 **** Auto Build of configuration Debug for project bert ****
make all 
'Building file: ../src/bert.c'
'Invoking: MicroBlaze gcc compiler'
mb-gcc -Wall -O0 -g3 -c -fmessage-length=0 -MT"src/bert.o" -I../../bert_bsp/hier_1_microblaze_0/include -mlittle-endian -mcpu=v10.0 -mxl-soft-mul -Wl,--no-relax -ffunction-sections -fdata-sections -MMD -MP -MF"src/bert.d" -MT"src/bert.o" -o "src/bert.o" "../src/bert.c"
'Finished building: ../src/bert.c'
' '
'Building target: bert.elf'
'Invoking: MicroBlaze gcc linker'
mb-gcc -Wl,-T -Wl,../src/lscript.ld -L../../bert_bsp/hier_1_microblaze_0/lib -mlittle-endian -mcpu=v10.0 -mxl-soft-mul -Wl,--no-relax -Wl,--gc-sections -o "bert.elf"  ./src/bert.o ./src/platform.o   -Wl,--start-group,-lxil,-lgcc,-lc,--end-group
'Finished building target: bert.elf'
' '
'Invoking: MicroBlaze Print Size'
mb-size bert.elf  |tee "bert.elf.size"
   text	   data	    bss	    dec	    hex	filename
  13604	    356	   3336	  17296	   4390	bert.elf
'Finished building: bert.elf.size'
' '
14:43:39 **** Incremental Build of configuration Debug for project bert ****
make all 
make: Nothing to be done for `all'.
15:47:38 **** Clean-only build of project bert_bsp ****
make -k clean 
make -C hier_1_microblaze_0/libsrc/bram_v4_2/src -s clean 
make -C hier_1_microblaze_0/libsrc/cpu_v2_6/src -s clean 
make -C hier_1_microblaze_0/libsrc/gpio_v4_3/src -s clean 
make -C hier_1_microblaze_0/libsrc/intc_v3_7/src -s clean 
make -C hier_1_microblaze_0/libsrc/standalone_v6_6/src -s clean 
make -C hier_1_microblaze_0/libsrc/tmrctr_v4_4/src -s clean 
make -C hier_1_microblaze_0/libsrc/uartlite_v3_2/src -s clean 
rm -f hier_1_microblaze_0/lib/libxil.a
15:47:40 **** Clean-only build of project bert_second_bsp ****
make -k clean 
make -C hier_1_microblaze_0/libsrc/bram_v4_2/src -s clean 
make -C hier_1_microblaze_0/libsrc/cpu_v2_6/src -s clean 
make -C hier_1_microblaze_0/libsrc/gpio_v4_3/src -s clean 
make -C hier_1_microblaze_0/libsrc/intc_v3_7/src -s clean 
make -C hier_1_microblaze_0/libsrc/standalone_v6_6/src -s clean 
make -C hier_1_microblaze_0/libsrc/tmrctr_v4_4/src -s clean 
make -C hier_1_microblaze_0/libsrc/uartlite_v3_2/src -s clean 
rm -f hier_1_microblaze_0/lib/libxil.a
15:47:43 **** Clean-only build of configuration Debug for project bert ****
make clean 
rm -rf  ./src/bert.o ./src/platform.o  ./src/bert.d ./src/platform.d  bert.elf.size  bert.elf
' '
15:47:44 **** Clean-only build of configuration Debug for project bert_second ****
make clean 
rm -rf  ./src/helloworld.o ./src/platform.o  ./src/helloworld.d ./src/platform.d  bert_second.elf.size  bert_second.elf
' '
15:47:45 **** Build of project bert_bsp ****
make -k all 
"Running Make include in hier_1_microblaze_0/libsrc/bram_v4_2/src"
make -C hier_1_microblaze_0/libsrc/bram_v4_2/src -s include  "SHELL=CMD" "COMPILER=mb-gcc" "ARCHIVER=mb-ar" "COMPILER_FLAGS= -O2 -c -mcpu=v10.0 -mlittle-endian -mxl-soft-mul" "EXTRA_COMPILER_FLAGS=-ffunction-sections -fdata-sections -Wall -Wextra"
"Running Make include in hier_1_microblaze_0/libsrc/cpu_v2_6/src"
make -C hier_1_microblaze_0/libsrc/cpu_v2_6/src -s include  "SHELL=CMD" "COMPILER=mb-gcc" "ARCHIVER=mb-ar" "COMPILER_FLAGS= -O2 -c -mcpu=v10.0 -mlittle-endian -mxl-soft-mul" "EXTRA_COMPILER_FLAGS=-ffunction-sections -fdata-sections -Wall -Wextra"
"Running Make include in hier_1_microblaze_0/libsrc/gpio_v4_3/src"
make -C hier_1_microblaze_0/libsrc/gpio_v4_3/src -s include  "SHELL=CMD" "COMPILER=mb-gcc" "ARCHIVER=mb-ar" "COMPILER_FLAGS= -O2 -c -mcpu=v10.0 -mlittle-endian -mxl-soft-mul" "EXTRA_COMPILER_FLAGS=-ffunction-sections -fdata-sections -Wall -Wextra"
"Running Make include in hier_1_microblaze_0/libsrc/intc_v3_7/src"
make -C hier_1_microblaze_0/libsrc/intc_v3_7/src -s include  "SHELL=CMD" "COMPILER=mb-gcc" "ARCHIVER=mb-ar" "COMPILER_FLAGS= -O2 -c -mcpu=v10.0 -mlittle-endian -mxl-soft-mul" "EXTRA_COMPILER_FLAGS=-ffunction-sections -fdata-sections -Wall -Wextra"
"Running Make include in hier_1_microblaze_0/libsrc/standalone_v6_6/src"
make -C hier_1_microblaze_0/libsrc/standalone_v6_6/src -s include  "SHELL=CMD" "COMPILER=mb-gcc" "ARCHIVER=mb-ar" "COMPILER_FLAGS= -O2 -c -mcpu=v10.0 -mlittle-endian -mxl-soft-mul" "EXTRA_COMPILER_FLAGS=-ffunction-sections -fdata-sections -Wall -Wextra"
"Running Make include in hier_1_microblaze_0/libsrc/tmrctr_v4_4/src"
make -C hier_1_microblaze_0/libsrc/tmrctr_v4_4/src -s include  "SHELL=CMD" "COMPILER=mb-gcc" "ARCHIVER=mb-ar" "COMPILER_FLAGS= -O2 -c -mcpu=v10.0 -mlittle-endian -mxl-soft-mul" "EXTRA_COMPILER_FLAGS=-ffunction-sections -fdata-sections -Wall -Wextra"
"Running Make include in hier_1_microblaze_0/libsrc/uartlite_v3_2/src"
make -C hier_1_microblaze_0/libsrc/uartlite_v3_2/src -s include  "SHELL=CMD" "COMPILER=mb-gcc" "ARCHIVER=mb-ar" "COMPILER_FLAGS= -O2 -c -mcpu=v10.0 -mlittle-endian -mxl-soft-mul" "EXTRA_COMPILER_FLAGS=-ffunction-sections -fdata-sections -Wall -Wextra"
"Running Make libs in hier_1_microblaze_0/libsrc/bram_v4_2/src"
make -C hier_1_microblaze_0/libsrc/bram_v4_2/src -s libs  "SHELL=CMD" "COMPILER=mb-gcc" "ARCHIVER=mb-ar" "COMPILER_FLAGS= -O2 -c -mcpu=v10.0 -mlittle-endian -mxl-soft-mul" "EXTRA_COMPILER_FLAGS=-ffunction-sections -fdata-sections -Wall -Wextra"
"Compiling bram"
mb-ar: creating ../../../lib/libxil.a
"Running Make libs in hier_1_microblaze_0/libsrc/cpu_v2_6/src"
make -C hier_1_microblaze_0/libsrc/cpu_v2_6/src -s libs  "SHELL=CMD" "COMPILER=mb-gcc" "ARCHIVER=mb-ar" "COMPILER_FLAGS= -O2 -c -mcpu=v10.0 -mlittle-endian -mxl-soft-mul" "EXTRA_COMPILER_FLAGS=-ffunction-sections -fdata-sections -Wall -Wextra"
"Compiling cpu"
"Running Make libs in hier_1_microblaze_0/libsrc/gpio_v4_3/src"
make -C hier_1_microblaze_0/libsrc/gpio_v4_3/src -s libs  "SHELL=CMD" "COMPILER=mb-gcc" "ARCHIVER=mb-ar" "COMPILER_FLAGS= -O2 -c -mcpu=v10.0 -mlittle-endian -mxl-soft-mul" "EXTRA_COMPILER_FLAGS=-ffunction-sections -fdata-sections -Wall -Wextra"
"Compiling gpio"
"Running Make libs in hier_1_microblaze_0/libsrc/intc_v3_7/src"
make -C hier_1_microblaze_0/libsrc/intc_v3_7/src -s libs  "SHELL=CMD" "COMPILER=mb-gcc" "ARCHIVER=mb-ar" "COMPILER_FLAGS= -O2 -c -mcpu=v10.0 -mlittle-endian -mxl-soft-mul" "EXTRA_COMPILER_FLAGS=-ffunction-sections -fdata-sections -Wall -Wextra"
"Compiling intc"
"Running Make libs in hier_1_microblaze_0/libsrc/standalone_v6_6/src"
make -C hier_1_microblaze_0/libsrc/standalone_v6_6/src -s libs  "SHELL=CMD" "COMPILER=mb-gcc" "ARCHIVER=mb-ar" "COMPILER_FLAGS= -O2 -c -mcpu=v10.0 -mlittle-endian -mxl-soft-mul" "EXTRA_COMPILER_FLAGS=-ffunction-sections -fdata-sections -Wall -Wextra"
"Compiling standalone";
microblaze_sleep.c: In function 'usleep_MB':
microblaze_sleep.c:106:29: warning: unused parameter 'useconds' [-Wunused-parameter]
 int usleep_MB(unsigned long useconds)
                             ^~~~~~~~
microblaze_sleep.c: In function 'sleep_MB':
microblaze_sleep.c:128:32: warning: unused parameter 'seconds' [-Wunused-parameter]
 unsigned sleep_MB(unsigned int seconds)
                                ^~~~~~~
microblaze_sleep.c: In function 'MB_Sleep':
microblaze_sleep.c:153:19: warning: unused parameter 'MilliSeconds' [-Wunused-parameter]
 void MB_Sleep(u32 MilliSeconds)
                   ^~~~~~~~~~~~
"Running Make libs in hier_1_microblaze_0/libsrc/tmrctr_v4_4/src"
make -C hier_1_microblaze_0/libsrc/tmrctr_v4_4/src -s libs  "SHELL=CMD" "COMPILER=mb-gcc" "ARCHIVER=mb-ar" "COMPILER_FLAGS= -O2 -c -mcpu=v10.0 -mlittle-endian -mxl-soft-mul" "EXTRA_COMPILER_FLAGS=-ffunction-sections -fdata-sections -Wall -Wextra"
"Compiling tmrctr"
"Running Make libs in hier_1_microblaze_0/libsrc/uartlite_v3_2/src"
make -C hier_1_microblaze_0/libsrc/uartlite_v3_2/src -s libs  "SHELL=CMD" "COMPILER=mb-gcc" "ARCHIVER=mb-ar" "COMPILER_FLAGS= -O2 -c -mcpu=v10.0 -mlittle-endian -mxl-soft-mul" "EXTRA_COMPILER_FLAGS=-ffunction-sections -fdata-sections -Wall -Wextra"
"Compiling uartlite"
'Finished building libraries'
15:48:12 **** Build of configuration Debug for project bert ****
make all 
'Building file: ../src/bert.c'
'Invoking: MicroBlaze gcc compiler'
mb-gcc -Wall -O0 -g3 -c -fmessage-length=0 -MT"src/bert.o" -I../../bert_bsp/hier_1_microblaze_0/include -mlittle-endian -mcpu=v10.0 -mxl-soft-mul -Wl,--no-relax -ffunction-sections -fdata-sections -MMD -MP -MF"src/bert.d" -MT"src/bert.o" -o "src/bert.o" "../src/bert.c"
'Finished building: ../src/bert.c'
' '
'Building file: ../src/platform.c'
'Invoking: MicroBlaze gcc compiler'
mb-gcc -Wall -O0 -g3 -c -fmessage-length=0 -MT"src/platform.o" -I../../bert_bsp/hier_1_microblaze_0/include -mlittle-endian -mcpu=v10.0 -mxl-soft-mul -Wl,--no-relax -ffunction-sections -fdata-sections -MMD -MP -MF"src/platform.d" -MT"src/platform.o" -o "src/platform.o" "../src/platform.c"
'Finished building: ../src/platform.c'
' '
'Building target: bert.elf'
'Invoking: MicroBlaze gcc linker'
mb-gcc -Wl,-T -Wl,../src/lscript.ld -L../../bert_bsp/hier_1_microblaze_0/lib -mlittle-endian -mcpu=v10.0 -mxl-soft-mul -Wl,--no-relax -Wl,--gc-sections -o "bert.elf"  ./src/bert.o ./src/platform.o   -Wl,--start-group,-lxil,-lgcc,-lc,--end-group
'Finished building target: bert.elf'
' '
'Invoking: MicroBlaze Print Size'
mb-size bert.elf  |tee "bert.elf.size"
   text	   data	    bss	    dec	    hex	filename
  13604	    356	   3336	  17296	   4390	bert.elf
'Finished building: bert.elf.size'
' '
15:48:17 **** Build of project bert_second_bsp ****
make -k all 
"Running Make include in hier_1_microblaze_0/libsrc/bram_v4_2/src"
make -C hier_1_microblaze_0/libsrc/bram_v4_2/src -s include  "SHELL=CMD" "COMPILER=mb-gcc" "ARCHIVER=mb-ar" "COMPILER_FLAGS= -O2 -c -mcpu=v10.0 -mlittle-endian -mxl-soft-mul" "EXTRA_COMPILER_FLAGS=-ffunction-sections -fdata-sections -Wall -Wextra"
"Running Make include in hier_1_microblaze_0/libsrc/cpu_v2_6/src"
[...]
"Running Make include in hier_1_microblaze_0/libsrc/cpu_v2_6/src"
make -C hier_1_microblaze_0/libsrc/cpu_v2_6/src -s include  "SHELL=CMD" "COMPILER=mb-gcc" "ARCHIVER=mb-ar" "COMPILER_FLAGS= -O2 -c -mcpu=v10.0 -mlittle-endian -mxl-soft-mul" "EXTRA_COMPILER_FLAGS=-ffunction-sections -fdata-sections -Wall -Wextra"
"Running Make include in hier_1_microblaze_0/libsrc/gpio_v4_3/src"
make -C hier_1_microblaze_0/libsrc/gpio_v4_3/src -s include  "SHELL=CMD" "COMPILER=mb-gcc" "ARCHIVER=mb-ar" "COMPILER_FLAGS= -O2 -c -mcpu=v10.0 -mlittle-endian -mxl-soft-mul" "EXTRA_COMPILER_FLAGS=-ffunction-sections -fdata-sections -Wall -Wextra"
"Running Make include in hier_1_microblaze_0/libsrc/intc_v3_7/src"
make -C hier_1_microblaze_0/libsrc/intc_v3_7/src -s include  "SHELL=CMD" "COMPILER=mb-gcc" "ARCHIVER=mb-ar" "COMPILER_FLAGS= -O2 -c -mcpu=v10.0 -mlittle-endian -mxl-soft-mul" "EXTRA_COMPILER_FLAGS=-ffunction-sections -fdata-sections -Wall -Wextra"
"Running Make include in hier_1_microblaze_0/libsrc/standalone_v6_6/src"
make -C hier_1_microblaze_0/libsrc/standalone_v6_6/src -s include  "SHELL=CMD" "COMPILER=mb-gcc" "ARCHIVER=mb-ar" "COMPILER_FLAGS= -O2 -c -mcpu=v10.0 -mlittle-endian -mxl-soft-mul" "EXTRA_COMPILER_FLAGS=-ffunction-sections -fdata-sections -Wall -Wextra"
"Running Make include in hier_1_microblaze_0/libsrc/tmrctr_v4_4/src"
make -C hier_1_microblaze_0/libsrc/tmrctr_v4_4/src -s include  "SHELL=CMD" "COMPILER=mb-gcc" "ARCHIVER=mb-ar" "COMPILER_FLAGS= -O2 -c -mcpu=v10.0 -mlittle-endian -mxl-soft-mul" "EXTRA_COMPILER_FLAGS=-ffunction-sections -fdata-sections -Wall -Wextra"
"Running Make include in hier_1_microblaze_0/libsrc/uartlite_v3_2/src"
make -C hier_1_microblaze_0/libsrc/uartlite_v3_2/src -s include  "SHELL=CMD" "COMPILER=mb-gcc" "ARCHIVER=mb-ar" "COMPILER_FLAGS= -O2 -c -mcpu=v10.0 -mlittle-endian -mxl-soft-mul" "EXTRA_COMPILER_FLAGS=-ffunction-sections -fdata-sections -Wall -Wextra"
"Running Make libs in hier_1_microblaze_0/libsrc/bram_v4_2/src"
make -C hier_1_microblaze_0/libsrc/bram_v4_2/src -s libs  "SHELL=CMD" "COMPILER=mb-gcc" "ARCHIVER=mb-ar" "COMPILER_FLAGS= -O2 -c -mcpu=v10.0 -mlittle-endian -mxl-soft-mul" "EXTRA_COMPILER_FLAGS=-ffunction-sections -fdata-sections -Wall -Wextra"
"Compiling bram"
mb-ar: creating ../../../lib/libxil.a
"Running Make libs in hier_1_microblaze_0/libsrc/cpu_v2_6/src"
make -C hier_1_microblaze_0/libsrc/cpu_v2_6/src -s libs  "SHELL=CMD" "COMPILER=mb-gcc" "ARCHIVER=mb-ar" "COMPILER_FLAGS= -O2 -c -mcpu=v10.0 -mlittle-endian -mxl-soft-mul" "EXTRA_COMPILER_FLAGS=-ffunction-sections -fdata-sections -Wall -Wextra"
"Compiling cpu"
"Running Make libs in hier_1_microblaze_0/libsrc/gpio_v4_3/src"
make -C hier_1_microblaze_0/libsrc/gpio_v4_3/src -s libs  "SHELL=CMD" "COMPILER=mb-gcc" "ARCHIVER=mb-ar" "COMPILER_FLAGS= -O2 -c -mcpu=v10.0 -mlittle-endian -mxl-soft-mul" "EXTRA_COMPILER_FLAGS=-ffunction-sections -fdata-sections -Wall -Wextra"
"Compiling gpio"
"Running Make libs in hier_1_microblaze_0/libsrc/intc_v3_7/src"
make -C hier_1_microblaze_0/libsrc/intc_v3_7/src -s libs  "SHELL=CMD" "COMPILER=mb-gcc" "ARCHIVER=mb-ar" "COMPILER_FLAGS= -O2 -c -mcpu=v10.0 -mlittle-endian -mxl-soft-mul" "EXTRA_COMPILER_FLAGS=-ffunction-sections -fdata-sections -Wall -Wextra"
"Compiling intc"
"Running Make libs in hier_1_microblaze_0/libsrc/standalone_v6_6/src"
make -C hier_1_microblaze_0/libsrc/standalone_v6_6/src -s libs  "SHELL=CMD" "COMPILER=mb-gcc" "ARCHIVER=mb-ar" "COMPILER_FLAGS= -O2 -c -mcpu=v10.0 -mlittle-endian -mxl-soft-mul" "EXTRA_COMPILER_FLAGS=-ffunction-sections -fdata-sections -Wall -Wextra"
"Compiling standalone";
microblaze_sleep.c: In function 'usleep_MB':
microblaze_sleep.c:106:29: warning: unused parameter 'useconds' [-Wunused-parameter]
 int usleep_MB(unsigned long useconds)
                             ^~~~~~~~
microblaze_sleep.c: In function 'sleep_MB':
microblaze_sleep.c:128:32: warning: unused parameter 'seconds' [-Wunused-parameter]
 unsigned sleep_MB(unsigned int seconds)
                                ^~~~~~~
microblaze_sleep.c: In function 'MB_Sleep':
microblaze_sleep.c:153:19: warning: unused parameter 'MilliSeconds' [-Wunused-parameter]
 void MB_Sleep(u32 MilliSeconds)
                   ^~~~~~~~~~~~
"Running Make libs in hier_1_microblaze_0/libsrc/tmrctr_v4_4/src"
make -C hier_1_microblaze_0/libsrc/tmrctr_v4_4/src -s libs  "SHELL=CMD" "COMPILER=mb-gcc" "ARCHIVER=mb-ar" "COMPILER_FLAGS= -O2 -c -mcpu=v10.0 -mlittle-endian -mxl-soft-mul" "EXTRA_COMPILER_FLAGS=-ffunction-sections -fdata-sections -Wall -Wextra"
"Compiling tmrctr"
"Running Make libs in hier_1_microblaze_0/libsrc/uartlite_v3_2/src"
make -C hier_1_microblaze_0/libsrc/uartlite_v3_2/src -s libs  "SHELL=CMD" "COMPILER=mb-gcc" "ARCHIVER=mb-ar" "COMPILER_FLAGS= -O2 -c -mcpu=v10.0 -mlittle-endian -mxl-soft-mul" "EXTRA_COMPILER_FLAGS=-ffunction-sections -fdata-sections -Wall -Wextra"
"Compiling uartlite"
'Finished building libraries'
12:28:08 **** Auto Build of configuration Debug for project bert ****
make all 
'Building file: ../src/bert.c'
'Invoking: MicroBlaze gcc compiler'
mb-gcc -Wall -O0 -g3 -c -fmessage-length=0 -MT"src/bert.o" -I../../bert_bsp/hier_1_microblaze_0/include -mlittle-endian -mcpu=v10.0 -mxl-soft-mul -Wl,--no-relax -ffunction-sections -fdata-sections -MMD -MP -MF"src/bert.d" -MT"src/bert.o" -o "src/bert.o" "../src/bert.c"
../src/bert.c: In function 'main':
../src/bert.c:40:6: warning: unused variable 'w' [-Wunused-variable]
  int w=0;
      ^
../src/bert.c:39:6: warning: unused variable 'z' [-Wunused-variable]
  int z =0;
      ^
'Finished building: ../src/bert.c'
' '
'Building file: ../src/platform.c'
'Invoking: MicroBlaze gcc compiler'
mb-gcc -Wall -O0 -g3 -c -fmessage-length=0 -MT"src/platform.o" -I../../bert_bsp/hier_1_microblaze_0/include -mlittle-endian -mcpu=v10.0 -mxl-soft-mul -Wl,--no-relax -ffunction-sections -fdata-sections -MMD -MP -MF"src/platform.d" -MT"src/platform.o" -o "src/platform.o" "../src/platform.c"
'Finished building: ../src/platform.c'
' '
'Building target: bert.elf'
'Invoking: MicroBlaze gcc linker'
mb-gcc -Wl,-T -Wl,../src/lscript.ld -L../../bert_bsp/hier_1_microblaze_0/lib -mlittle-endian -mcpu=v10.0 -mxl-soft-mul -Wl,--no-relax -Wl,--gc-sections -o "bert.elf"  ./src/bert.o ./src/platform.o   -Wl,--start-group,-lxil,-lgcc,-lc,--end-group
'Finished building target: bert.elf'
' '
'Invoking: MicroBlaze Print Size'
mb-size bert.elf  |tee "bert.elf.size"
   text	   data	    bss	    dec	    hex	filename
  13672	    356	   3332	  17360	   43d0	bert.elf
'Finished building: bert.elf.size'
' '
12:28:12 **** Auto Build of project bert_second_bsp ****
make -k all 
"Running Make include in hier_1_microblaze_0/libsrc/bram_v4_2/src"
make -C hier_1_microblaze_0/libsrc/bram_v4_2/src -s include  "SHELL=CMD" "COMPILER=mb-gcc" "ARCHIVER=mb-ar" "COMPILER_FLAGS= -O2 -c -mcpu=v10.0 -mlittle-endian -mxl-soft-mul" "EXTRA_COMPILER_FLAGS=-ffunction-sections -fdata-sections -Wall -Wextra"
"Running Make include in hier_1_microblaze_0/libsrc/cpu_v2_6/src"
make -C hier_1_microblaze_0/libsrc/cpu_v2_6/src -s include  "SHELL=CMD" "COMPILER=mb-gcc" "ARCHIVER=mb-ar" "COMPILER_FLAGS= -O2 -c -mcpu=v10.0 -mlittle-endian -mxl-soft-mul" "EXTRA_COMPILER_FLAGS=-ffunction-sections -fdata-sections -Wall -Wextra"
"Running Make include in hier_1_microblaze_0/libsrc/gpio_v4_3/src"
make -C hier_1_microblaze_0/libsrc/gpio_v4_3/src -s include  "SHELL=CMD" "COMPILER=mb-gcc" "ARCHIVER=mb-ar" "COMPILER_FLAGS= -O2 -c -mcpu=v10.0 -mlittle-endian -mxl-soft-mul" "EXTRA_COMPILER_FLAGS=-ffunction-sections -fdata-sections -Wall -Wextra"
"Running Make include in hier_1_microblaze_0/libsrc/intc_v3_7/src"
make -C hier_1_microblaze_0/libsrc/intc_v3_7/src -s include  "SHELL=CMD" "COMPILER=mb-gcc" "ARCHIVER=mb-ar" "COMPILER_FLAGS= -O2 -c -mcpu=v10.0 -mlittle-endian -mxl-soft-mul" "EXTRA_COMPILER_FLAGS=-ffunction-sections -fdata-sections -Wall -Wextra"
"Running Make include in hier_1_microblaze_0/libsrc/standalone_v6_6/src"
make -C hier_1_microblaze_0/libsrc/standalone_v6_6/src -s include  "SHELL=CMD" "COMPILER=mb-gcc" "ARCHIVER=mb-ar" "COMPILER_FLAGS= -O2 -c -mcpu=v10.0 -mlittle-endian -mxl-soft-mul" "EXTRA_COMPILER_FLAGS=-ffunction-sections -fdata-sections -Wall -Wextra"
"Running Make include in hier_1_microblaze_0/libsrc/tmrctr_v4_4/src"
make -C hier_1_microblaze_0/libsrc/tmrctr_v4_4/src -s include  "SHELL=CMD" "COMPILER=mb-gcc" "ARCHIVER=mb-ar" "COMPILER_FLAGS= -O2 -c -mcpu=v10.0 -mlittle-endian -mxl-soft-mul" "EXTRA_COMPILER_FLAGS=-ffunction-sections -fdata-sections -Wall -Wextra"
"Running Make include in hier_1_microblaze_0/libsrc/uartlite_v3_2/src"
make -C hier_1_microblaze_0/libsrc/uartlite_v3_2/src -s include  "SHELL=CMD" "COMPILER=mb-gcc" "ARCHIVER=mb-ar" "COMPILER_FLAGS= -O2 -c -mcpu=v10.0 -mlittle-endian -mxl-soft-mul" "EXTRA_COMPILER_FLAGS=-ffunction-sections -fdata-sections -Wall -Wextra"
"Running Make libs in hier_1_microblaze_0/libsrc/bram_v4_2/src"
make -C hier_1_microblaze_0/libsrc/bram_v4_2/src -s libs  "SHELL=CMD" "COMPILER=mb-gcc" "ARCHIVER=mb-ar" "COMPILER_FLAGS= -O2 -c -mcpu=v10.0 -mlittle-endian -mxl-soft-mul" "EXTRA_COMPILER_FLAGS=-ffunction-sections -fdata-sections -Wall -Wextra"
"Compiling bram"
mb-ar: creating ../../../lib/libxil.a
"Running Make libs in hier_1_microblaze_0/libsrc/cpu_v2_6/src"
make -C hier_1_microblaze_0/libsrc/cpu_v2_6/src -s libs  "SHELL=CMD" "COMPILER=mb-gcc" "ARCHIVER=mb-ar" "COMPILER_FLAGS= -O2 -c -mcpu=v10.0 -mlittle-endian -mxl-soft-mul" "EXTRA_COMPILER_FLAGS=-ffunction-sections -fdata-sections -Wall -Wextra"
"Compiling cpu"
"Running Make libs in hier_1_microblaze_0/libsrc/gpio_v4_3/src"
make -C hier_1_microblaze_0/libsrc/gpio_v4_3/src -s libs  "SHELL=CMD" "COMPILER=mb-gcc" "ARCHIVER=mb-ar" "COMPILER_FLAGS= -O2 -c -mcpu=v10.0 -mlittle-endian -mxl-soft-mul" "EXTRA_COMPILER_FLAGS=-ffunction-sections -fdata-sections -Wall -Wextra"
"Compiling gpio"
"Running Make libs in hier_1_microblaze_0/libsrc/intc_v3_7/src"
make -C hier_1_microblaze_0/libsrc/intc_v3_7/src -s libs  "SHELL=CMD" "COMPILER=mb-gcc" "ARCHIVER=mb-ar" "COMPILER_FLAGS= -O2 -c -mcpu=v10.0 -mlittle-endian -mxl-soft-mul" "EXTRA_COMPILER_FLAGS=-ffunction-sections -fdata-sections -Wall -Wextra"
"Compiling intc"
"Running Make libs in hier_1_microblaze_0/libsrc/standalone_v6_6/src"
make -C hier_1_microblaze_0/libsrc/standalone_v6_6/src -s libs  "SHELL=CMD" "COMPILER=mb-gcc" "ARCHIVER=mb-ar" "COMPILER_FLAGS= -O2 -c -mcpu=v10.0 -mlittle-endian -mxl-soft-mul" "EXTRA_COMPILER_FLAGS=-ffunction-sections -fdata-sections -Wall -Wextra"
"Compiling standalone";
microblaze_sleep.c: In function 'usleep_MB':
microblaze_sleep.c:106:29: warning: unused parameter 'useconds' [-Wunused-parameter]
 int usleep_MB(unsigned long useconds)
                             ^~~~~~~~
microblaze_sleep.c: In function 'sleep_MB':
microblaze_sleep.c:128:32: warning: unused parameter 'seconds' [-Wunused-parameter]
 unsigned sleep_MB(unsigned int seconds)
                                ^~~~~~~
microblaze_sleep.c: In function 'MB_Sleep':
microblaze_sleep.c:153:19: warning: unused parameter 'MilliSeconds' [-Wunused-parameter]
 void MB_Sleep(u32 MilliSeconds)
                   ^~~~~~~~~~~~
"Running Make libs in hier_1_microblaze_0/libsrc/tmrctr_v4_4/src"
make -C hier_1_microblaze_0/libsrc/tmrctr_v4_4/src -s libs  "SHELL=CMD" "COMPILER=mb-gcc" "ARCHIVER=mb-ar" "COMPILER_FLAGS= -O2 -c -mcpu=v10.0 -mlittle-endian -mxl-soft-mul" "EXTRA_COMPILER_FLAGS=-ffunction-sections -fdata-sections -Wall -Wextra"
"Compiling tmrctr"
"Running Make libs in hier_1_microblaze_0/libsrc/uartlite_v3_2/src"
make -C hier_1_microblaze_0/libsrc/uartlite_v3_2/src -s libs  "SHELL=CMD" "COMPILER=mb-gcc" "ARCHIVER=mb-ar" "COMPILER_FLAGS= -O2 -c -mcpu=v10.0 -mlittle-endian -mxl-soft-mul" "EXTRA_COMPILER_FLAGS=-ffunction-sections -fdata-sections -Wall -Wextra"
"Compiling uartlite"
'Finished building libraries'
12:28:39 **** Auto Build of configuration Debug for project bert_second ****
make all 
'Building file: ../src/helloworld.c'
'Invoking: MicroBlaze gcc compiler'
mb-gcc -Wall -O0 -g3 -c -fmessage-length=0 -MT"src/helloworld.o" -I../../bert_second_bsp/hier_1_microblaze_0/include -mlittle-endian -mcpu=v10.0 -mxl-soft-mul -Wl,--no-relax -ffunction-sections -fdata-sections -MMD -MP -MF"src/helloworld.d" -MT"src/helloworld.o" -o "src/helloworld.o" "../src/helloworld.c"
'Finished building: ../src/helloworld.c'
' '
'Building file: ../src/platform.c'
'Invoking: MicroBlaze gcc compiler'
mb-gcc -Wall -O0 -g3 -c -fmessage-length=0 -MT"src/platform.o" -I../../bert_second_bsp/hier_1_microblaze_0/include -mlittle-endian -mcpu=v10.0 -mxl-soft-mul -Wl,--no-relax -ffunction-sections -fdata-sections -MMD -MP -MF"src/platform.d" -MT"src/platform.o" -o "src/platform.o" "../src/platform.c"
'Finished building: ../src/platform.c'
' '
'Building target: bert_second.elf'
'Invoking: MicroBlaze gcc linker'
mb-gcc -Wl,-T -Wl,../src/lscript.ld -L../../bert_second_bsp/hier_1_microblaze_0/lib -mlittle-endian -mcpu=v10.0 -mxl-soft-mul -Wl,--no-relax -Wl,--gc-sections -o "bert_second.elf"  ./src/helloworld.o ./src/platform.o   -Wl,--start-group,-lxil,-lgcc,-lc,--end-group
'Finished building target: bert_second.elf'
' '
'Invoking: MicroBlaze Print Size'
mb-size bert_second.elf  |tee "bert_second.elf.size"
   text	   data	    bss	    dec	    hex	filename
   3112	    316	   3108	   6536	   1988	bert_second.elf
'Finished building: bert_second.elf.size'
' '
12:28:48 **** Incremental Build of configuration Debug for project bert ****
make all 
'Building file: ../src/bert.c'
'Invoking: MicroBlaze gcc compiler'
mb-gcc -Wall -O0 -g3 -c -fmessage-length=0 -MT"src/bert.o" -I../../bert_bsp/hier_1_microblaze_0/include -mlittle-endian -mcpu=v10.0 -mxl-soft-mul -Wl,--no-relax -ffunction-sections -fdata-sections -MMD -MP -MF"src/bert.d" -MT"src/bert.o" -o "src/bert.o" "../src/bert.c"
../src/bert.c: In function 'main':
../src/bert.c:40:6: warning: unused variable 'w' [-Wunused-variable]
  int w=0;
      ^
../src/bert.c:39:6: warning: unused variable 'z' [-Wunused-variable]
  int z =0;
      ^
'Finished building: ../src/bert.c'
' '
'Building target: bert.elf'
'Invoking: MicroBlaze gcc linker'
mb-gcc -Wl,-T -Wl,../src/lscript.ld -L../../bert_bsp/hier_1_microblaze_0/lib -mlittle-endian -mcpu=v10.0 -mxl-soft-mul -Wl,--no-relax -Wl,--gc-sections -o "bert.elf"  ./src/bert.o ./src/platform.o   -Wl,--start-group,-lxil,-lgcc,-lc,--end-group
'Finished building target: bert.elf'
' '
'Invoking: MicroBlaze Print Size'
mb-size bert.elf  |tee "bert.elf.size"
   text	   data	    bss	    dec	    hex	filename
  13676	    356	   3336	  17368	   43d8	bert.elf
'Finished building: bert.elf.size'
' '
12:29:02 **** Incremental Build of configuration Debug for project bert ****
make all 
make: Nothing to be done for `all'.
12:30:01 **** Incremental Build of configuration Debug for project bert ****
make all 
make: Nothing to be done for `all'.
12:30:20 **** Incremental Build of configuration Debug for project bert ****
make all 
'Building file: ../src/bert.c'
'Invoking: MicroBlaze gcc compiler'
mb-gcc -Wall -O0 -g3 -c -fmessage-length=0 -MT"src/bert.o" -I../../bert_bsp/hier_1_microblaze_0/include -mlittle-endian -mcpu=v10.0 -mxl-soft-mul -Wl,--no-relax -ffunction-sections -fdata-sections -MMD -MP -MF"src/bert.d" -MT"src/bert.o" -o "src/bert.o" "../src/bert.c"
../src/bert.c: In function 'main':
../src/bert.c:40:6: warning: unused variable 'w' [-Wunused-variable]
  int w=0;
      ^
../src/bert.c:39:6: warning: unused variable 'z' [-Wunused-variable]
  int z =0;
      ^
'Finished building: ../src/bert.c'
' '
'Building target: bert.elf'
'Invoking: MicroBlaze gcc linker'
mb-gcc -Wl,-T -Wl,../src/lscript.ld -L../../bert_bsp/hier_1_microblaze_0/lib -mlittle-endian -mcpu=v10.0 -mxl-soft-mul -Wl,--no-relax -Wl,--gc-sections -o "bert.elf"  ./src/bert.o ./src/platform.o   -Wl,--start-group,-lxil,-lgcc,-lc,--end-group
'Finished building target: bert.elf'
' '
'Invoking: MicroBlaze Print Size'
mb-size bert.elf  |tee "bert.elf.size"
   text	   data	    bss	    dec	    hex	filename
  13672	    356	   3332	  17360	   43d0	bert.elf
'Finished building: bert.elf.size'
' '
12:30:37 **** Incremental Build of configuration Debug for project bert ****
make all 
make: Nothing to be done for `all'.
12:33:01 **** Incremental Build of configuration Debug for project bert ****
make all 
'Building file: ../src/bert.c'
'Invoking: MicroBlaze gcc compiler'
mb-gcc -Wall -O0 -g3 -c -fmessage-length=0 -MT"src/bert.o" -I../../bert_bsp/hier_1_microblaze_0/include -mlittle-endian -mcpu=v10.0 -mxl-soft-mul -Wl,--no-relax -ffunction-sections -fdata-sections -MMD -MP -MF"src/bert.d" -MT"src/bert.o" -o "src/bert.o" "../src/bert.c"
../src/bert.c: In function 'main':
../src/bert.c:40:6: warning: unused variable 'w' [-Wunused-variable]
  int w=0;
      ^
../src/bert.c:39:6: warning: unused variable 'z' [-Wunused-variable]
  int z =0;
      ^
'Finished building: ../src/bert.c'
' '
'Building target: bert.elf'
'Invoking: MicroBlaze gcc linker'
mb-gcc -Wl,-T -Wl,../src/lscript.ld -L../../bert_bsp/hier_1_microblaze_0/lib -mlittle-endian -mcpu=v10.0 -mxl-soft-mul -Wl,--no-relax -Wl,--gc-sections -o "bert.elf"  ./src/bert.o ./src/platform.o   -Wl,--start-group,-lxil,-lgcc,-lc,--end-group
'Finished building target: bert.elf'
' '
'Invoking: MicroBlaze Print Size'
mb-size bert.elf  |tee "bert.elf.size"
   text	   data	    bss	    dec	    hex	filename
  13676	    356	   3336	  17368	   43d8	bert.elf
'Finished building: bert.elf.size'
' '
12:33:43 **** Incremental Build of configuration Debug for project bert ****
make all 
'Building file: ../src/bert.c'
'Invoking: MicroBlaze gcc compiler'
mb-gcc -Wall -O0 -g3 -c -fmessage-length=0 -MT"src/bert.o" -I../../bert_bsp/hier_1_microblaze_0/include -mlittle-endian -mcpu=v10.0 -mxl-soft-mul -Wl,--no-relax -ffunction-sections -fdata-sections -MMD -MP -MF"src/bert.d" -MT"src/bert.o" -o "src/bert.o" "../src/bert.c"
../src/bert.c: In function 'main':
../src/bert.c:40:6: warning: unused variable 'w' [-Wunused-variable]
  int w=0;
      ^
../src/bert.c:39:6: warning: unused variable 'z' [-Wunused-variable]
  int z =0;
      ^
'Finished building: ../src/bert.c'
' '
'Building target: bert.elf'
'Invoking: MicroBlaze gcc linker'
mb-gcc -Wl,-T -Wl,../src/lscript.ld -L../../bert_bsp/hier_1_microblaze_0/lib -mlittle-endian -mcpu=v10.0 -mxl-soft-mul -Wl,--no-relax -Wl,--gc-sections -o "bert.elf"  ./src/bert.o ./src/platform.o   -Wl,--start-group,-lxil,-lgcc,-lc,--end-group
'Finished building target: bert.elf'
' '
'Invoking: MicroBlaze Print Size'
mb-size bert.elf  |tee "bert.elf.size"
   text	   data	    bss	    dec	    hex	filename
  13728	    356	   3332	  17416	   4408	bert.elf
'Finished building: bert.elf.size'
' '
12:34:20 **** Incremental Build of configuration Debug for project bert ****
make all 
'Building file: ../src/bert.c'
'Invoking: MicroBlaze gcc compiler'
mb-gcc -Wall -O0 -g3 -c -fmessage-length=0 -MT"src/bert.o" -I../../bert_bsp/hier_1_microblaze_0/include -mlittle-endian -mcpu=v10.0 -mxl-soft-mul -Wl,--no-relax -ffunction-sections -fdata-sections -MMD -MP -MF"src/bert.d" -MT"src/bert.o" -o "src/bert.o" "../src/bert.c"
../src/bert.c: In function 'main':
../src/bert.c:40:6: warning: unused variable 'w' [-Wunused-variable]
  int w=0;
      ^
../src/bert.c:39:6: warning: unused variable 'z' [-Wunused-variable]
  int z =0;
      ^
'Finished building: ../src/bert.c'
' '
'Building target: bert.elf'
'Invoking: MicroBlaze gcc linker'
mb-gcc -Wl,-T -Wl,../src/lscript.ld -L../../bert_bsp/hier_1_microblaze_0/lib -mlittle-endian -mcpu=v10.0 -mxl-soft-mul -Wl,--no-relax -Wl,--gc-sections -o "bert.elf"  ./src/bert.o ./src/platform.o   -Wl,--start-group,-lxil,-lgcc,-lc,--end-group
'Finished building target: bert.elf'
' '
'Invoking: MicroBlaze Print Size'
mb-size bert.elf  |tee "bert.elf.size"
   text	   data	    bss	    dec	    hex	filename
  13676	    356	   3336	  17368	   43d8	bert.elf
'Finished building: bert.elf.size'
' '
